Archive member included to satisfy reference by file (symbol)

C:/Users/nahue/.mcuxpressotools/arm-gnu-toolchain-13.2.Rel1-mingw-w64-i686-arm-none-eabi/bin/../lib/gcc/arm-none-eabi/13.2.1/thumb/v6-m/nofp\libgcc.a(_udivsi3.o)
                              CMakeFiles/led_blinky_lpc.elf.dir/d60a6061bd201d99102dea7fe2803cfc/Unidad_5/ledRGB_FSM/registros/board/hardware_init.c.obj (__aeabi_uidiv)
C:/Users/nahue/.mcuxpressotools/arm-gnu-toolchain-13.2.Rel1-mingw-w64-i686-arm-none-eabi/bin/../lib/gcc/arm-none-eabi/13.2.1/thumb/v6-m/nofp\libgcc.a(_dvmd_tls.o)
                              C:/Users/nahue/.mcuxpressotools/arm-gnu-toolchain-13.2.Rel1-mingw-w64-i686-arm-none-eabi/bin/../lib/gcc/arm-none-eabi/13.2.1/thumb/v6-m/nofp\libgcc.a(_udivsi3.o) (__aeabi_idiv0)
C:/Users/nahue/.mcuxpressotools/arm-gnu-toolchain-13.2.Rel1-mingw-w64-i686-arm-none-eabi/bin/../lib/gcc/arm-none-eabi/13.2.1/thumb/v6-m/nofp\libgcc.a(_aeabi_uldivmod.o)
                              CMakeFiles/led_blinky_lpc.elf.dir/C_/Users/nahue/Desktop/test/sdks/lpc845breakout_blank_sdk/devices/LPC845/drivers/fsl_clock.c.obj (__aeabi_uldivmod)
C:/Users/nahue/.mcuxpressotools/arm-gnu-toolchain-13.2.Rel1-mingw-w64-i686-arm-none-eabi/bin/../lib/gcc/arm-none-eabi/13.2.1/thumb/v6-m/nofp\libgcc.a(_muldi3.o)
                              CMakeFiles/led_blinky_lpc.elf.dir/C_/Users/nahue/Desktop/test/sdks/lpc845breakout_blank_sdk/devices/LPC845/drivers/fsl_common_arm.c.obj (__aeabi_lmul)
C:/Users/nahue/.mcuxpressotools/arm-gnu-toolchain-13.2.Rel1-mingw-w64-i686-arm-none-eabi/bin/../lib/gcc/arm-none-eabi/13.2.1/thumb/v6-m/nofp\libgcc.a(_udivmoddi4.o)
                              C:/Users/nahue/.mcuxpressotools/arm-gnu-toolchain-13.2.Rel1-mingw-w64-i686-arm-none-eabi/bin/../lib/gcc/arm-none-eabi/13.2.1/thumb/v6-m/nofp\libgcc.a(_aeabi_uldivmod.o) (__udivmoddi4)
C:/Users/nahue/.mcuxpressotools/arm-gnu-toolchain-13.2.Rel1-mingw-w64-i686-arm-none-eabi/bin/../lib/gcc/arm-none-eabi/13.2.1/thumb/v6-m/nofp\libgcc.a(_clzdi2.o)
                              C:/Users/nahue/.mcuxpressotools/arm-gnu-toolchain-13.2.Rel1-mingw-w64-i686-arm-none-eabi/bin/../lib/gcc/arm-none-eabi/13.2.1/thumb/v6-m/nofp\libgcc.a(_udivmoddi4.o) (__clzdi2)
C:/Users/nahue/.mcuxpressotools/arm-gnu-toolchain-13.2.Rel1-mingw-w64-i686-arm-none-eabi/bin/../lib/gcc/arm-none-eabi/13.2.1/thumb/v6-m/nofp\libgcc.a(_clzsi2.o)
                              C:/Users/nahue/.mcuxpressotools/arm-gnu-toolchain-13.2.Rel1-mingw-w64-i686-arm-none-eabi/bin/../lib/gcc/arm-none-eabi/13.2.1/thumb/v6-m/nofp\libgcc.a(_clzdi2.o) (__clzsi2)
C:/Users/nahue/.mcuxpressotools/arm-gnu-toolchain-13.2.Rel1-mingw-w64-i686-arm-none-eabi/bin/../lib/gcc/arm-none-eabi/13.2.1/thumb/v6-m/nofp\libc_nano.a(libc_a-exit.o)
                              C:/Users/nahue/.mcuxpressotools/arm-gnu-toolchain-13.2.Rel1-mingw-w64-i686-arm-none-eabi/bin/../lib/gcc/arm-none-eabi/13.2.1/thumb/v6-m/nofp/crt0.o (exit)
C:/Users/nahue/.mcuxpressotools/arm-gnu-toolchain-13.2.Rel1-mingw-w64-i686-arm-none-eabi/bin/../lib/gcc/arm-none-eabi/13.2.1/thumb/v6-m/nofp\libc_nano.a(libc_a-malloc.o)
                              CMakeFiles/led_blinky_lpc.elf.dir/C_/Users/nahue/Desktop/test/sdks/lpc845breakout_blank_sdk/devices/LPC845/drivers/fsl_common.c.obj (malloc)
C:/Users/nahue/.mcuxpressotools/arm-gnu-toolchain-13.2.Rel1-mingw-w64-i686-arm-none-eabi/bin/../lib/gcc/arm-none-eabi/13.2.1/thumb/v6-m/nofp\libc_nano.a(libc_a-mallocr.o)
                              C:/Users/nahue/.mcuxpressotools/arm-gnu-toolchain-13.2.Rel1-mingw-w64-i686-arm-none-eabi/bin/../lib/gcc/arm-none-eabi/13.2.1/thumb/v6-m/nofp\libc_nano.a(libc_a-malloc.o) (_malloc_r)
C:/Users/nahue/.mcuxpressotools/arm-gnu-toolchain-13.2.Rel1-mingw-w64-i686-arm-none-eabi/bin/../lib/gcc/arm-none-eabi/13.2.1/thumb/v6-m/nofp\libc_nano.a(libc_a-mlock.o)
                              C:/Users/nahue/.mcuxpressotools/arm-gnu-toolchain-13.2.Rel1-mingw-w64-i686-arm-none-eabi/bin/../lib/gcc/arm-none-eabi/13.2.1/thumb/v6-m/nofp\libc_nano.a(libc_a-mallocr.o) (__malloc_lock)
C:/Users/nahue/.mcuxpressotools/arm-gnu-toolchain-13.2.Rel1-mingw-w64-i686-arm-none-eabi/bin/../lib/gcc/arm-none-eabi/13.2.1/thumb/v6-m/nofp\libc_nano.a(libc_a-strtoul.o)
                              CMakeFiles/led_blinky_lpc.elf.dir/C_/Users/nahue/Desktop/test/sdks/lpc845breakout_blank_sdk/devices/LPC845/utilities/str/fsl_str.c.obj (strtoul)
C:/Users/nahue/.mcuxpressotools/arm-gnu-toolchain-13.2.Rel1-mingw-w64-i686-arm-none-eabi/bin/../lib/gcc/arm-none-eabi/13.2.1/thumb/v6-m/nofp\libc_nano.a(libc_a-ctype_.o)
                              C:/Users/nahue/.mcuxpressotools/arm-gnu-toolchain-13.2.Rel1-mingw-w64-i686-arm-none-eabi/bin/../lib/gcc/arm-none-eabi/13.2.1/thumb/v6-m/nofp\libc_nano.a(libc_a-strtoul.o) (_ctype_)
C:/Users/nahue/.mcuxpressotools/arm-gnu-toolchain-13.2.Rel1-mingw-w64-i686-arm-none-eabi/bin/../lib/gcc/arm-none-eabi/13.2.1/thumb/v6-m/nofp\libc_nano.a(libc_a-findfp.o)
[...]
Memory Configuration

Name             Origin             Length             Attributes
m_interrupts     0x00000000         0x00000200         xr
m_crp            0x000002fc         0x00000004         xr
m_text           0x00000300         0x0000fd00         xr
m_data           0x10000000         0x00003fe0         rw
*default*        0x00000000         0xffffffff

Linker script and memory map

LOAD C:/Users/nahue/.mcuxpressotools/arm-gnu-toolchain-13.2.Rel1-mingw-w64-i686-arm-none-eabi/bin/../lib/gcc/arm-none-eabi/13.2.1/thumb/v6-m/nofp/crti.o
LOAD C:/Users/nahue/.mcuxpressotools/arm-gnu-toolchain-13.2.Rel1-mingw-w64-i686-arm-none-eabi/bin/../lib/gcc/arm-none-eabi/13.2.1/thumb/v6-m/nofp/crtbegin.o
LOAD C:/Users/nahue/.mcuxpressotools/arm-gnu-toolchain-13.2.Rel1-mingw-w64-i686-arm-none-eabi/bin/../lib/gcc/arm-none-eabi/13.2.1/thumb/v6-m/nofp/crt0.o
LOAD CMakeFiles/led_blinky_lpc.elf.dir/093933dfe12d50338c9024180113a5b9/Programacion2_Bioingenieria_Alumnos/Unidad_5/ledRGB_FSM/aplicacion/main.c.obj
LOAD CMakeFiles/led_blinky_lpc.elf.dir/d60a6061bd201d99102dea7fe2803cfc/Unidad_5/ledRGB_FSM/servicios/sys_time.c.obj
LOAD CMakeFiles/led_blinky_lpc.elf.dir/d60a6061bd201d99102dea7fe2803cfc/Unidad_5/ledRGB_FSM/drivers/driver_led.c.obj
LOAD CMakeFiles/led_blinky_lpc.elf.dir/C_/Users/nahue/Documents/Workspace/Programacion2_Bioingenieria_Alumnos/Unidad_5/ledRGB_FSM/hal/hal_gpio.c.obj
LOAD CMakeFiles/led_blinky_lpc.elf.dir/d60a6061bd201d99102dea7fe2803cfc/Unidad_5/ledRGB_FSM/registros/device_startup/board.c.obj
LOAD CMakeFiles/led_blinky_lpc.elf.dir/d60a6061bd201d99102dea7fe2803cfc/Unidad_5/ledRGB_FSM/registros/board/clock_config.c.obj
LOAD CMakeFiles/led_blinky_lpc.elf.dir/d60a6061bd201d99102dea7fe2803cfc/Unidad_5/ledRGB_FSM/registros/board/pin_mux.c.obj
LOAD CMakeFiles/led_blinky_lpc.elf.dir/d60a6061bd201d99102dea7fe2803cfc/Unidad_5/ledRGB_FSM/registros/board/hardware_init.c.obj
LOAD CMakeFiles/led_blinky_lpc.elf.dir/C_/Users/nahue/Desktop/test/sdks/lpc845breakout_blank_sdk/components/uart/fsl_adapter_miniusart.c.obj
LOAD CMakeFiles/led_blinky_lpc.elf.dir/C_/Users/nahue/Desktop/test/sdks/lpc845breakout_blank_sdk/devices/LPC845/gcc/startup_LPC845.S.obj
LOAD CMakeFiles/led_blinky_lpc.elf.dir/C_/Users/nahue/Desktop/test/sdks/lpc845breakout_blank_sdk/devices/LPC845/system_LPC845.c.obj
LOAD CMakeFiles/led_blinky_lpc.elf.dir/C_/Users/nahue/Desktop/test/sdks/lpc845breakout_blank_sdk/devices/LPC845/drivers/fsl_clock.c.obj
LOAD CMakeFiles/led_blinky_lpc.elf.dir/C_/Users/nahue/Desktop/test/sdks/lpc845breakout_blank_sdk/devices/LPC845/drivers/fsl_common.c.obj
LOAD CMakeFiles/led_blinky_lpc.elf.dir/C_/Users/nahue/Desktop/test/sdks/lpc845breakout_blank_sdk/devices/LPC845/drivers/fsl_common_arm.c.obj
LOAD CMakeFiles/led_blinky_lpc.elf.dir/C_/Users/nahue/Desktop/test/sdks/lpc845breakout_blank_sdk/devices/LPC845/drivers/fsl_inputmux.c.obj
LOAD CMakeFiles/led_blinky_lpc.elf.dir/C_/Users/nahue/Desktop/test/sdks/lpc845breakout_blank_sdk/devices/LPC845/drivers/fsl_gpio.c.obj
LOAD CMakeFiles/led_blinky_lpc.elf.dir/C_/Users/nahue/Desktop/test/sdks/lpc845breakout_blank_sdk/devices/LPC845/drivers/fsl_usart.c.obj
LOAD CMakeFiles/led_blinky_lpc.elf.dir/C_/Users/nahue/Desktop/test/sdks/lpc845breakout_blank_sdk/devices/LPC845/drivers/fsl_power.c.obj
LOAD CMakeFiles/led_blinky_lpc.elf.dir/C_/Users/nahue/Desktop/test/sdks/lpc845breakout_blank_sdk/devices/LPC845/drivers/fsl_reset.c.obj
LOAD CMakeFiles/led_blinky_lpc.elf.dir/C_/Users/nahue/Desktop/test/sdks/lpc845breakout_blank_sdk/devices/LPC845/drivers/fsl_swm.c.obj
LOAD CMakeFiles/led_blinky_lpc.elf.dir/C_/Users/nahue/Desktop/test/sdks/lpc845breakout_blank_sdk/devices/LPC845/drivers/fsl_syscon.c.obj
LOAD CMakeFiles/led_blinky_lpc.elf.dir/C_/Users/nahue/Desktop/test/sdks/lpc845breakout_blank_sdk/devices/LPC845/utilities/fsl_syscall_stub.c.obj
LOAD CMakeFiles/led_blinky_lpc.elf.dir/C_/Users/nahue/Desktop/test/sdks/lpc845breakout_blank_sdk/devices/LPC845/utilities/fsl_sbrk.c.obj
LOAD CMakeFiles/led_blinky_lpc.elf.dir/5824b577e3c6a752d08b78eb8d55a705/devices/LPC845/utilities/debug_console_lite/fsl_assert.c.obj
LOAD CMakeFiles/led_blinky_lpc.elf.dir/5824b577e3c6a752d08b78eb8d55a705/devices/LPC845/utilities/debug_console_lite/fsl_debug_console.c.obj
LOAD CMakeFiles/led_blinky_lpc.elf.dir/C_/Users/nahue/Desktop/test/sdks/lpc845breakout_blank_sdk/devices/LPC845/utilities/str/fsl_str.c.obj
START GROUP
LOAD C:/Users/nahue/.mcuxpressotools/arm-gnu-toolchain-13.2.Rel1-mingw-w64-i686-arm-none-eabi/bin/../lib/gcc/arm-none-eabi/13.2.1/thumb/v6-m/nofp\libgcc.a
LOAD C:/Users/nahue/.mcuxpressotools/arm-gnu-toolchain-13.2.Rel1-mingw-w64-i686-arm-none-eabi/bin/../lib/gcc/arm-none-eabi/13.2.1/thumb/v6-m/nofp\libc_nano.a
LOAD C:/Users/nahue/.mcuxpressotools/arm-gnu-toolchain-13.2.Rel1-mingw-w64-i686-arm-none-eabi/bin/../lib/gcc/arm-none-eabi/13.2.1/thumb/v6-m/nofp\libm.a
LOAD C:/Users/nahue/.mcuxpressotools/arm-gnu-toolchain-13.2.Rel1-mingw-w64-i686-arm-none-eabi/bin/../lib/gcc/arm-none-eabi/13.2.1/../../../../arm-none-eabi/lib/thumb/v6-m/nofp\libcr_newlib_nohost.a
END GROUP
START GROUP
LOAD C:/Users/nahue/.mcuxpressotools/arm-gnu-toolchain-13.2.Rel1-mingw-w64-i686-arm-none-eabi/bin/../lib/gcc/arm-none-eabi/13.2.1/thumb/v6-m/nofp\libgcc.a
LOAD C:/Users/nahue/.mcuxpressotools/arm-gnu-toolchain-13.2.Rel1-mingw-w64-i686-arm-none-eabi/bin/../lib/gcc/arm-none-eabi/13.2.1/thumb/v6-m/nofp\libg_nano.a
LOAD C:/Users/nahue/.mcuxpressotools/arm-gnu-toolchain-13.2.Rel1-mingw-w64-i686-arm-none-eabi/bin/../lib/gcc/arm-none-eabi/13.2.1/thumb/v6-m/nofp\libc_nano.a
END GROUP
START GROUP
LOAD C:/Users/nahue/.mcuxpressotools/arm-gnu-toolchain-13.2.Rel1-mingw-w64-i686-arm-none-eabi/bin/../lib/gcc/arm-none-eabi/13.2.1/thumb/v6-m/nofp\libgcc.a
LOAD C:/Users/nahue/.mcuxpressotools/arm-gnu-toolchain-13.2.Rel1-mingw-w64-i686-arm-none-eabi/bin/../lib/gcc/arm-none-eabi/13.2.1/thumb/v6-m/nofp\libc_nano.a
LOAD C:/Users/nahue/.mcuxpressotools/arm-gnu-toolchain-13.2.Rel1-mingw-w64-i686-arm-none-eabi/bin/../lib/gcc/arm-none-eabi/13.2.1/thumb/v6-m/nofp\libnosys.a
END GROUP
START GROUP
LOAD C:/Users/nahue/.mcuxpressotools/arm-gnu-toolchain-13.2.Rel1-mingw-w64-i686-arm-none-eabi/bin/../lib/gcc/arm-none-eabi/13.2.1/thumb/v6-m/nofp\libgcc.a
LOAD C:/Users/nahue/.mcuxpressotools/arm-gnu-toolchain-13.2.Rel1-mingw-w64-i686-arm-none-eabi/bin/../lib/gcc/arm-none-eabi/13.2.1/thumb/v6-m/nofp\libc_nano.a
LOAD C:/Users/nahue/.mcuxpressotools/arm-gnu-toolchain-13.2.Rel1-mingw-w64-i686-arm-none-eabi/bin/../lib/gcc/arm-none-eabi/13.2.1/thumb/v6-m/nofp\libnosys.a
END GROUP
LOAD C:/Users/nahue/.mcuxpressotools/arm-gnu-toolchain-13.2.Rel1-mingw-w64-i686-arm-none-eabi/bin/../lib/gcc/arm-none-eabi/13.2.1/thumb/v6-m/nofp/crtend.o
LOAD C:/Users/nahue/.mcuxpressotools/arm-gnu-toolchain-13.2.Rel1-mingw-w64-i686-arm-none-eabi/bin/../lib/gcc/arm-none-eabi/13.2.1/thumb/v6-m/nofp/crtn.o
                0x00000400                        HEAP_SIZE = DEFINED (__heap_size__)?__heap_size__:0x400
                0x00000800                        STACK_SIZE = DEFINED (__stack_size__)?__stack_size__:0x800
                0xefffb4f9                        __valid_user_code_checksum = (0x0 - ((((__StackTop + Reset_Handler) + NMI_Handler) + HardFault_Handler) + 0x3))

.interrupts     0x00000000       0xc0
                0x00000000                        . = ALIGN (0x4)
 *(.isr_vector)
 .isr_vector    0x00000000       0xc0 CMakeFiles/led_blinky_lpc.elf.dir/C_/Users/nahue/Desktop/test/sdks/lpc845breakout_blank_sdk/devices/LPC845/gcc/startup_LPC845.S.obj
                0x00000000                __Vectors
                0x000000c0                        . = ALIGN (0x4)

.crp            0x000002fc        0x4
                0x000002fc                        . = ALIGN (0x4)
 *(.crp)
 .crp           0x000002fc        0x4 CMakeFiles/led_blinky_lpc.elf.dir/C_/Users/nahue/Desktop/test/sdks/lpc845breakout_blank_sdk/devices/LPC845/gcc/startup_LPC845.S.obj
                0x00000300                        . = ALIGN (0x4)

.text           0x00000300     0x1808
                0x00000300                        . = ALIGN (0x4)
 *(.text)
 .text          0x00000300       0x80 C:/Users/nahue/.mcuxpressotools/arm-gnu-toolchain-13.2.Rel1-mingw-w64-i686-arm-none-eabi/bin/../lib/gcc/arm-none-eabi/13.2.1/thumb/v6-m/nofp/crt0.o
                0x00000300                _stack_init
                0x0000030c                _start
                0x0000030c                _mainCRTStartup
 .text          0x00000380      0x17c CMakeFiles/led_blinky_lpc.elf.dir/C_/Users/nahue/Desktop/test/sdks/lpc845breakout_blank_sdk/devices/LPC845/gcc/startup_LPC845.S.obj
                0x00000380                Reset_Handler
                0x000003cc                ADC0_OVR_DriverIRQHandler
                0x000003cc                SCT0_DriverIRQHandler
                0x000003cc                DMA0_DriverIRQHandler
                0x000003cc                BOD_DriverIRQHandler
                0x000003cc                DefaultISR
                0x000003cc                SPI1_DriverIRQHandler
                0x000003cc                I2C0_DriverIRQHandler
                0x000003cc                I2C1_DriverIRQHandler
                0x000003cc                ADC0_THCMP_DriverIRQHandler
                0x000003cc                PIN_INT1_DriverIRQHandler
                0x000003cc                I2C3_DriverIRQHandler
                0x000003cc                WDT_DriverIRQHandler
                0x000003cc                PIN_INT3_DriverIRQHandler
                0x000003cc                PIN_INT5_DAC1_DriverIRQHandler
                0x000003cc                PIN_INT2_DriverIRQHandler
                0x000003cc                CTIMER0_DriverIRQHandler
                0x000003cc                I2C2_DriverIRQHandler
                0x000003cc                PIN_INT0_DriverIRQHandler
                0x000003cc                ADC0_SEQB_DriverIRQHandler
                0x000003cc                FLASH_DriverIRQHandler
                0x000003cc                CMP_CAPT_DriverIRQHandler
                0x000003cc                Reserved22_DriverIRQHandler
                0x000003cc                WKT_DriverIRQHandler
                0x000003cc                DAC0_DriverIRQHandler
                0x000003cc                MRT0_DriverIRQHandler
                0x000003cc                PIN_INT4_DriverIRQHandler
                0x000003cc                SPI0_DriverIRQHandler
                0x000003cc                ADC0_SEQA_DriverIRQHandler
                0x000003d0                NMI_Handler
                0x000003d4                HardFault_Handler
                0x000003d8                SVC_Handler
                0x000003dc                PendSV_Handler
                0x000003e4                SPI0_IRQHandler
                0x000003e8                SPI1_IRQHandler
                0x000003ec                DAC0_IRQHandler
                0x000003f0                USART0_IRQHandler
                0x000003f4                USART1_IRQHandler
                0x000003f8                USART2_IRQHandler
                0x000003fc                Reserved22_IRQHandler
                0x00000400                I2C1_IRQHandler
                0x00000404                I2C0_IRQHandler
                0x00000408                SCT0_IRQHandler
                0x0000040c                MRT0_IRQHandler
                0x00000410                CMP_CAPT_IRQHandler
                0x00000414                WDT_IRQHandler
                0x00000418                BOD_IRQHandler
                0x0000041c                FLASH_IRQHandler
                0x00000420                WKT_IRQHandler
                0x00000424                ADC0_SEQA_IRQHandler
                0x00000428                ADC0_SEQB_IRQHandler
                0x0000042c                ADC0_THCMP_IRQHandler
                0x00000430                ADC0_OVR_IRQHandler
                0x00000434                DMA0_IRQHandler
                0x00000438                I2C2_IRQHandler
                0x0000043c                I2C3_IRQHandler
                0x00000440                CTIMER0_IRQHandler
                0x00000444                PIN_INT0_IRQHandler
                0x00000448                PIN_INT1_IRQHandler
                0x0000044c                PIN_INT2_IRQHandler
                0x00000450                PIN_INT3_IRQHandler
                0x00000454                PIN_INT4_IRQHandler
                0x00000458                PIN_INT5_DAC1_IRQHandler
                0x0000045c                PIN_INT6_USART3_IRQHandler
                0x00000460                PIN_INT7_USART4_IRQHandler
 .text          0x000004fc      0x114 C:/Users/nahue/.mcuxpressotools/arm-gnu-toolchain-13.2.Rel1-mingw-w64-i686-arm-none-eabi/bin/../lib/gcc/arm-none-eabi/13.2.1/thumb/v6-m/nofp\libgcc.a(_udivsi3.o)
                0x000004fc                __aeabi_uidiv
                0x000004fc                __udivsi3
                0x00000608                __aeabi_uidivmod
 .text          0x00000610        0x4 C:/Users/nahue/.mcuxpressotools/arm-gnu-toolchain-13.2.Rel1-mingw-w64-i686-arm-none-eabi/bin/../lib/gcc/arm-none-eabi/13.2.1/thumb/v6-m/nofp\libgcc.a(_dvmd_tls.o)
                0x00000610                __aeabi_idiv0
                0x00000610                __aeabi_ldiv0
 .text          0x00000614        0xe C:/Users/nahue/.mcuxpressotools/arm-gnu-toolchain-13.2.Rel1-mingw-w64-i686-arm-none-eabi/bin/../lib/gcc/arm-none-eabi/13.2.1/thumb/v6-m/nofp\libc_nano.a(libc_a-strlen.o)
                0x00000614                strlen
 *(.text*)
 *fill*         0x00000622        0x2 
 .text.deregister_tm_clones
                0x00000624       0x20 C:/Users/nahue/.mcuxpressotools/arm-gnu-toolchain-13.2.Rel1-mingw-w64-i686-arm-none-eabi/bin/../lib/gcc/arm-none-eabi/13.2.1/thumb/v6-m/nofp/crtbegin.o
 .text.register_tm_clones
                0x00000644       0x28 C:/Users/nahue/.mcuxpressotools/arm-gnu-toolchain-13.2.Rel1-mingw-w64-i686-arm-none-eabi/bin/../lib/gcc/arm-none-eabi/13.2.1/thumb/v6-m/nofp/crtbegin.o
 .text.__do_global_dtors_aux
                0x0000066c       0x2c C:/Users/nahue/.mcuxpressotools/arm-gnu-toolchain-13.2.Rel1-mingw-w64-i686-arm-none-eabi/bin/../lib/gcc/arm-none-eabi/13.2.1/thumb/v6-m/nofp/crtbegin.o
 .text.frame_dummy
                0x00000698       0x24 C:/Users/nahue/.mcuxpressotools/arm-gnu-toolchain-13.2.Rel1-mingw-w64-i686-arm-none-eabi/bin/../lib/gcc/arm-none-eabi/13.2.1/thumb/v6-m/nofp/crtbegin.o
 .text.main     0x000006bc       0xd2 CMakeFiles/led_blinky_lpc.elf.dir/093933dfe12d50338c9024180113a5b9/Programacion2_Bioingenieria_Alumnos/Unidad_5/ledRGB_FSM/aplicacion/main.c.obj
                0x000006bc                main
 *fill*         0x0000078e        0x2 
 .text.sysTime_init
                0x00000790       0x14 CMakeFiles/led_blinky_lpc.elf.dir/d60a6061bd201d99102dea7fe2803cfc/Unidad_5/ledRGB_FSM/servicios/sys_time.c.obj
                0x00000790                sysTime_init
 .text.sysTime_updateTick
                0x000007a4       0x18 CMakeFiles/led_blinky_lpc.elf.dir/d60a6061bd201d99102dea7fe2803cfc/Unidad_5/ledRGB_FSM/servicios/sys_time.c.obj
                0x000007a4                sysTime_updateTick
 .text.sysTime_getTicks
                0x000007bc       0x14 CMakeFiles/led_blinky_lpc.elf.dir/d60a6061bd201d99102dea7fe2803cfc/Unidad_5/ledRGB_FSM/servicios/sys_time.c.obj
                0x000007bc                sysTime_getTicks
 .text.sysTime_delay_ms
                0x000007d0       0x2c CMakeFiles/led_blinky_lpc.elf.dir/d60a6061bd201d99102dea7fe2803cfc/Unidad_5/ledRGB_FSM/servicios/sys_time.c.obj
                0x000007d0                sysTime_delay_ms
 .text.Driver_LED_Init
                0x000007fc       0x2a CMakeFiles/led_blinky_lpc.elf.dir/d60a6061bd201d99102dea7fe2803cfc/Unidad_5/ledRGB_FSM/drivers/driver_led.c.obj
                0x000007fc                Driver_LED_Init
 .text.Driver_LED_On
                0x00000826       0x2a CMakeFiles/led_blinky_lpc.elf.dir/d60a6061bd201d99102dea7fe2803cfc/Unidad_5/ledRGB_FSM/drivers/driver_led.c.obj
                0x00000826                Driver_LED_On
 .text.Driver_LED_Off
                0x00000850       0x2a CMakeFiles/led_blinky_lpc.elf.dir/d60a6061bd201d99102dea7fe2803cfc/Unidad_5/ledRGB_FSM/drivers/driver_led.c.obj
                0x00000850                Driver_LED_Off
 .text.GPIO_PinWrite
                0x0000087a       0x2c CMakeFiles/led_blinky_lpc.elf.dir/C_/Users/nahue/Documents/Workspace/Programacion2_Bioingenieria_Alumnos/Unidad_5/ledRGB_FSM/hal/hal_gpio.c.obj
 *fill*         0x000008a6        0x2 
 .text.HAL_GPIO_InitPin
                0x000008a8       0x8c CMakeFiles/led_blinky_lpc.elf.dir/C_/Users/nahue/Documents/Workspace/Programacion2_Bioingenieria_Alumnos/Unidad_5/ledRGB_FSM/hal/hal_gpio.c.obj
                0x000008a8                HAL_GPIO_InitPin
 .text.HAL_GPIO_WritePin
                0x00000934       0x3a CMakeFiles/led_blinky_lpc.elf.dir/C_/Users/nahue/Documents/Workspace/Programacion2_Bioingenieria_Alumnos/Unidad_5/ledRGB_FSM/hal/hal_gpio.c.obj
                0x00000934                HAL_GPIO_WritePin
 *fill*         0x0000096e        0x2 
 .text.CLOCK_Select
                0x00000970       0x38 CMakeFiles/led_blinky_lpc.elf.dir/d60a6061bd201d99102dea7fe2803cfc/Unidad_5/ledRGB_FSM/registros/board/clock_config.c.obj
 .text.CLOCK_SetCoreSysClkDiv
                0x000009a8       0x4c CMakeFiles/led_blinky_lpc.elf.dir/d60a6061bd201d99102dea7fe2803cfc/Unidad_5/ledRGB_FSM/registros/board/clock_config.c.obj
 .text.CLOCK_SetFroOscFreq
                0x000009f4       0x24 CMakeFiles/led_blinky_lpc.elf.dir/d60a6061bd201d99102dea7fe2803cfc/Unidad_5/ledRGB_FSM/registros/board/clock_config.c.obj
 .text.POWER_DisablePD
                0x00000a18       0x2c CMakeFiles/led_blinky_lpc.elf.dir/d60a6061bd201d99102dea7fe2803cfc/Unidad_5/ledRGB_FSM/registros/board/clock_config.c.obj
 .text.BOARD_InitBootClocks
                0x00000a44        0xe CMakeFiles/led_blinky_lpc.elf.dir/d60a6061bd201d99102dea7fe2803cfc/Unidad_5/ledRGB_FSM/registros/board/clock_config.c.obj
                0x00000a44                BOARD_InitBootClocks
 *fill*         0x00000a52        0x2 
 .text.BOARD_BootClockFRO18M
                0x00000a54       0x58 CMakeFiles/led_blinky_lpc.elf.dir/d60a6061bd201d99102dea7fe2803cfc/Unidad_5/ledRGB_FSM/registros/board/clock_config.c.obj
                0x00000a54                BOARD_BootClockFRO18M
 .text.CLOCK_EnableClock
                0x00000aac       0x54 CMakeFiles/led_blinky_lpc.elf.dir/d60a6061bd201d99102dea7fe2803cfc/Unidad_5/ledRGB_FSM/registros/board/pin_mux.c.obj
 .text.IOCON_PinMuxSet
                0x00000b00       0x26 CMakeFiles/led_blinky_lpc.elf.dir/d60a6061bd201d99102dea7fe2803cfc/Unidad_5/ledRGB_FSM/registros/board/pin_mux.c.obj
 .text.BOARD_InitBootPins
                0x00000b26        0xe CMakeFiles/led_blinky_lpc.elf.dir/d60a6061bd201d99102dea7fe2803cfc/Unidad_5/ledRGB_FSM/registros/board/pin_mux.c.obj
                0x00000b26                BOARD_InitBootPins
 .text.BOARD_InitPins
                0x00000b34       0x48 CMakeFiles/led_blinky_lpc.elf.dir/d60a6061bd201d99102dea7fe2803cfc/Unidad_5/ledRGB_FSM/registros/board/pin_mux.c.obj
                0x00000b34                BOARD_InitPins
 .text.__NVIC_SetPriority
                0x00000b7c       0xdc CMakeFiles/led_blinky_lpc.elf.dir/d60a6061bd201d99102dea7fe2803cfc/Unidad_5/ledRGB_FSM/registros/board/hardware_init.c.obj
 .text.SysTick_Config
                0x00000c58       0x48 CMakeFiles/led_blinky_lpc.elf.dir/d60a6061bd201d99102dea7fe2803cfc/Unidad_5/ledRGB_FSM/registros/board/hardware_init.c.obj
 .text.BSP_Hardware_Init
                0x00000ca0       0x30 CMakeFiles/led_blinky_lpc.elf.dir/d60a6061bd201d99102dea7fe2803cfc/Unidad_5/ledRGB_FSM/registros/board/hardware_init.c.obj
                0x00000ca0                BSP_Hardware_Init
 .text.SysTick_Handler
                0x00000cd0        0xe CMakeFiles/led_blinky_lpc.elf.dir/d60a6061bd201d99102dea7fe2803cfc/Unidad_5/ledRGB_FSM/registros/board/hardware_init.c.obj
                0x00000cd0                SysTick_Handler
 *fill*         0x00000cde        0x2 
 .text.SystemInit
                0x00000ce0       0x2c CMakeFiles/led_blinky_lpc.elf.dir/C_/Users/nahue/Desktop/test/sdks/lpc845breakout_blank_sdk/devices/LPC845/system_LPC845.c.obj
                0x00000ce0                SystemInit
 .text.SystemInitHook
                0x00000d0c        0xa CMakeFiles/led_blinky_lpc.elf.dir/C_/Users/nahue/Desktop/test/sdks/lpc845breakout_blank_sdk/devices/LPC845/system_LPC845.c.obj
                0x00000d0c                SystemInitHook
 *fill*         0x00000d16        0x2 
 .text.CLOCK_UpdateClkSrc
                0x00000d18       0x58 CMakeFiles/led_blinky_lpc.elf.dir/C_/Users/nahue/Desktop/test/sdks/lpc845breakout_blank_sdk/devices/LPC845/drivers/fsl_clock.c.obj
 .text.CLOCK_SetMainClkSrc
                0x00000d70       0x9c CMakeFiles/led_blinky_lpc.elf.dir/C_/Users/nahue/Desktop/test/sdks/lpc845breakout_blank_sdk/devices/LPC845/drivers/fsl_clock.c.obj
                0x00000d70                CLOCK_SetMainClkSrc
 .text.CLOCK_SetFroOutClkSrc
                0x00000e0c       0x48 CMakeFiles/led_blinky_lpc.elf.dir/C_/Users/nahue/Desktop/test/sdks/lpc845breakout_blank_sdk/devices/LPC845/drivers/fsl_clock.c.obj
                0x00000e0c                CLOCK_SetFroOutClkSrc
 .text.CLOCK_EnableClock
                0x00000e54       0x54 CMakeFiles/led_blinky_lpc.elf.dir/C_/Users/nahue/Desktop/test/sdks/lpc845breakout_blank_sdk/devices/LPC845/drivers/fsl_gpio.c.obj
 .text.GPIO_EnablePortClock
                0x00000ea8       0x44 CMakeFiles/led_blinky_lpc.elf.dir/C_/Users/nahue/Desktop/test/sdks/lpc845breakout_blank_sdk/devices/LPC845/drivers/fsl_gpio.c.obj
 .text.GPIO_PortInit
                0x00000eec       0x30 CMakeFiles/led_blinky_lpc.elf.dir/C_/Users/nahue/Desktop/test/sdks/lpc845breakout_blank_sdk/devices/LPC845/drivers/fsl_gpio.c.obj
                0x00000eec                GPIO_PortInit
 .text.GPIO_PinInit
                0x00000f1c       0xc0 CMakeFiles/led_blinky_lpc.elf.dir/C_/Users/nahue/Desktop/test/sdks/lpc845breakout_blank_sdk/devices/LPC845/drivers/fsl_gpio.c.obj
                0x00000f1c                GPIO_PinInit
 .text.USART0_DriverIRQHandler
                0x00000fdc       0x24 CMakeFiles/led_blinky_lpc.elf.dir/C_/Users/nahue/Desktop/test/sdks/lpc845breakout_blank_sdk/devices/LPC845/drivers/fsl_usart.c.obj
                0x00000fdc                USART0_DriverIRQHandler
 .text.USART1_DriverIRQHandler
                0x00001000       0x24 CMakeFiles/led_blinky_lpc.elf.dir/C_/Users/nahue/Desktop/test/sdks/lpc845breakout_blank_sdk/devices/LPC845/drivers/fsl_usart.c.obj
                0x00001000                USART1_DriverIRQHandler
 .text.USART2_DriverIRQHandler
                0x00001024       0x24 CMakeFiles/led_blinky_lpc.elf.dir/C_/Users/nahue/Desktop/test/sdks/lpc845breakout_blank_sdk/devices/LPC845/drivers/fsl_usart.c.obj
                0x00001024                USART2_DriverIRQHandler
 .text.PIN_INT6_USART3_DriverIRQHandler
                0x00001048       0x24 CMakeFiles/led_blinky_lpc.elf.dir/C_/Users/nahue/Desktop/test/sdks/lpc845breakout_blank_sdk/devices/LPC845/drivers/fsl_usart.c.obj
                0x00001048                PIN_INT6_USART3_DriverIRQHandler
 .text.PIN_INT7_USART4_DriverIRQHandler
                0x0000106c       0x24 CMakeFiles/led_blinky_lpc.elf.dir/C_/Users/nahue/Desktop/test/sdks/lpc845breakout_blank_sdk/devices/LPC845/drivers/fsl_usart.c.obj
                0x0000106c                PIN_INT7_USART4_DriverIRQHandler
 .text.RESET_SetPeripheralReset
                0x00001090       0x7c CMakeFiles/led_blinky_lpc.elf.dir/C_/Users/nahue/Desktop/test/sdks/lpc845breakout_blank_sdk/devices/LPC845/drivers/fsl_reset.c.obj
                0x00001090                RESET_SetPeripheralReset
 .text.RESET_ClearPeripheralReset
                0x0000110c       0x78 CMakeFiles/led_blinky_lpc.elf.dir/C_/Users/nahue/Desktop/test/sdks/lpc845breakout_blank_sdk/devices/LPC845/drivers/fsl_reset.c.obj
                0x0000110c                RESET_ClearPeripheralReset
 .text.RESET_PeripheralReset
                0x00001184       0x20 CMakeFiles/led_blinky_lpc.elf.dir/C_/Users/nahue/Desktop/test/sdks/lpc845breakout_blank_sdk/devices/LPC845/drivers/fsl_reset.c.obj
                0x00001184                RESET_PeripheralReset
 .text.fsl_assert_hook
                0x000011a4       0x16 CMakeFiles/led_blinky_lpc.elf.dir/5824b577e3c6a752d08b78eb8d55a705/devices/LPC845/utilities/debug_console_lite/fsl_assert.c.obj
                0x000011a4                fsl_assert_hook
 *fill*         0x000011ba        0x2 
 .text.__assert_func
                0x000011bc       0x34 CMakeFiles/led_blinky_lpc.elf.dir/5824b577e3c6a752d08b78eb8d55a705/devices/LPC845/utilities/debug_console_lite/fsl_assert.c.obj
                0x000011bc                __assert_func
 .text.DbgConsole_Printf
                0x000011f0       0x32 CMakeFiles/led_blinky_lpc.elf.dir/5824b577e3c6a752d08b78eb8d55a705/devices/LPC845/utilities/debug_console_lite/fsl_debug_console.c.obj
                0x000011f0                DbgConsole_Printf
 *fill*         0x00001222        0x2 
 .text.DbgConsole_Vprintf
                0x00001224       0x40 CMakeFiles/led_blinky_lpc.elf.dir/5824b577e3c6a752d08b78eb8d55a705/devices/LPC845/utilities/debug_console_lite/fsl_debug_console.c.obj
                0x00001224                DbgConsole_Vprintf
 .text.DbgConsole_Putchar
                0x00001264       0x30 CMakeFiles/led_blinky_lpc.elf.dir/5824b577e3c6a752d08b78eb8d55a705/devices/LPC845/utilities/debug_console_lite/fsl_debug_console.c.obj
                0x00001264                DbgConsole_Putchar
 .text.DbgConsole_PrintfPaddingCharacter
                0x00001294       0x48 CMakeFiles/led_blinky_lpc.elf.dir/5824b577e3c6a752d08b78eb8d55a705/devices/LPC845/utilities/debug_console_lite/fsl_debug_console.c.obj
 .text.DbgConsole_ConvertRadixNumToString
                0x000012dc       0xc2 CMakeFiles/led_blinky_lpc.elf.dir/5824b577e3c6a752d08b78eb8d55a705/devices/LPC845/utilities/debug_console_lite/fsl_debug_console.c.obj
 .text.DbgConsole_PrintfFormattedData
                0x0000139e      0x3da CMakeFiles/led_blinky_lpc.elf.dir/5824b577e3c6a752d08b78eb8d55a705/devices/LPC845/utilities/debug_console_lite/fsl_debug_console.c.obj
 .text.exit     0x00001778       0x28 C:/Users/nahue/.mcuxpressotools/arm-gnu-toolchain-13.2.Rel1-mingw-w64-i686-arm-none-eabi/bin/../lib/gcc/arm-none-eabi/13.2.1/thumb/v6-m/nofp\libc_nano.a(libc_a-exit.o)
                0x00001778                exit
 .text.memset   0x000017a0       0x10 C:/Users/nahue/.mcuxpressotools/arm-gnu-toolchain-13.2.Rel1-mingw-w64-i686-arm-none-eabi/bin/../lib/gcc/arm-none-eabi/13.2.1/thumb/v6-m/nofp\libc_nano.a(libc_a-memset.o)
                0x000017a0                memset
 .text.__libc_init_array
                0x000017b0       0x48 C:/Users/nahue/.mcuxpressotools/arm-gnu-toolchain-13.2.Rel1-mingw-w64-i686-arm-none-eabi/bin/../lib/gcc/arm-none-eabi/13.2.1/thumb/v6-m/nofp\libc_nano.a(libc_a-init.o)
                0x000017b0                __libc_init_array
 .text.memcpy   0x000017f8       0x12 C:/Users/nahue/.mcuxpressotools/arm-gnu-toolchain-13.2.Rel1-mingw-w64-i686-arm-none-eabi/bin/../lib/gcc/arm-none-eabi/13.2.1/thumb/v6-m/nofp\libc_nano.a(libc_a-memcpy-stub.o)
                0x000017f8                memcpy
 .text._exit    0x0000180a        0x2 C:/Users/nahue/.mcuxpressotools/arm-gnu-toolchain-13.2.Rel1-mingw-w64-i686-arm-none-eabi/bin/../lib/gcc/arm-none-eabi/13.2.1/../../../../arm-none-eabi/lib/thumb/v6-m/nofp\libcr_newlib_nohost.a(_exit.o)
                0x0000180a                _exit
 *(.rodata)
 .rodata        0x0000180c       0x69 CMakeFiles/led_blinky_lpc.elf.dir/d60a6061bd201d99102dea7fe2803cfc/Unidad_5/ledRGB_FSM/registros/board/clock_config.c.obj
 *fill*         0x00001875        0x3 
 .rodata        0x00001878       0xc0 CMakeFiles/led_blinky_lpc.elf.dir/C_/Users/nahue/Desktop/test/sdks/lpc845breakout_blank_sdk/devices/LPC845/drivers/fsl_clock.c.obj
 .rodata        0x00001938       0x80 CMakeFiles/led_blinky_lpc.elf.dir/C_/Users/nahue/Desktop/test/sdks/lpc845breakout_blank_sdk/devices/LPC845/drivers/fsl_gpio.c.obj
 .rodata        0x000019b8       0x6d CMakeFiles/led_blinky_lpc.elf.dir/C_/Users/nahue/Desktop/test/sdks/lpc845breakout_blank_sdk/devices/LPC845/drivers/fsl_reset.c.obj
 *fill*         0x00001a25        0x3 
 .rodata        0x00001a28       0x3e CMakeFiles/led_blinky_lpc.elf.dir/5824b577e3c6a752d08b78eb8d55a705/devices/LPC845/utilities/debug_console_lite/fsl_assert.c.obj
 *(.rodata*)
 *fill*         0x00001a66        0x2 
 .rodata.__func__.0
                0x00001a68       0x17 CMakeFiles/led_blinky_lpc.elf.dir/d60a6061bd201d99102dea7fe2803cfc/Unidad_5/ledRGB_FSM/registros/board/clock_config.c.obj
 *fill*         0x00001a7f        0x1 
 .rodata.__func__.2
                0x00001a80       0x13 CMakeFiles/led_blinky_lpc.elf.dir/C_/Users/nahue/Desktop/test/sdks/lpc845breakout_blank_sdk/devices/LPC845/drivers/fsl_clock.c.obj
 *fill*         0x00001a93        0x1 
 .rodata.s_gpioClockName
                0x00001a94        0x4 CMakeFiles/led_blinky_lpc.elf.dir/C_/Users/nahue/Desktop/test/sdks/lpc845breakout_blank_sdk/devices/LPC845/drivers/fsl_gpio.c.obj
 .rodata.s_gpioResets
                0x00001a98        0x8 CMakeFiles/led_blinky_lpc.elf.dir/C_/Users/nahue/Desktop/test/sdks/lpc845breakout_blank_sdk/devices/LPC845/drivers/fsl_gpio.c.obj
 .rodata.__func__.0
                0x00001aa0       0x15 CMakeFiles/led_blinky_lpc.elf.dir/C_/Users/nahue/Desktop/test/sdks/lpc845breakout_blank_sdk/devices/LPC845/drivers/fsl_gpio.c.obj
 *fill*         0x00001ab5        0x3 
 .rodata.__func__.1
                0x00001ab8       0x19 CMakeFiles/led_blinky_lpc.elf.dir/C_/Users/nahue/Desktop/test/sdks/lpc845breakout_blank_sdk/devices/LPC845/drivers/fsl_reset.c.obj
 *fill*         0x00001ad1        0x3 
 .rodata.__func__.0
                0x00001ad4       0x1b CMakeFiles/led_blinky_lpc.elf.dir/C_/Users/nahue/Desktop/test/sdks/lpc845breakout_blank_sdk/devices/LPC845/drivers/fsl_reset.c.obj
 *(.glue_7)
 .glue_7        0x00001aef        0x0 linker stubs
 *(.glue_7t)
 .glue_7t       0x00001aef        0x0 linker stubs
 *(.eh_frame)
 *fill*         0x00001aef        0x1 
 .eh_frame      0x00001af0        0x0 C:/Users/nahue/.mcuxpressotools/arm-gnu-toolchain-13.2.Rel1-mingw-w64-i686-arm-none-eabi/bin/../lib/gcc/arm-none-eabi/13.2.1/thumb/v6-m/nofp/crtbegin.o
 *(.init)
 .init          0x00001af0        0x4 C:/Users/nahue/.mcuxpressotools/arm-gnu-toolchain-13.2.Rel1-mingw-w64-i686-arm-none-eabi/bin/../lib/gcc/arm-none-eabi/13.2.1/thumb/v6-m/nofp/crti.o
                0x00001af0                _init
 .init          0x00001af4        0x8 C:/Users/nahue/.mcuxpressotools/arm-gnu-toolchain-13.2.Rel1-mingw-w64-i686-arm-none-eabi/bin/../lib/gcc/arm-none-eabi/13.2.1/thumb/v6-m/nofp/crtn.o
 *(.fini)
 .fini          0x00001afc        0x4 C:/Users/nahue/.mcuxpressotools/arm-gnu-toolchain-13.2.Rel1-mingw-w64-i686-arm-none-eabi/bin/../lib/gcc/arm-none-eabi/13.2.1/thumb/v6-m/nofp/crti.o
                0x00001afc                _fini
 .fini          0x00001b00        0x8 C:/Users/nahue/.mcuxpressotools/arm-gnu-toolchain-13.2.Rel1-mingw-w64-i686-arm-none-eabi/bin/../lib/gcc/arm-none-eabi/13.2.1/thumb/v6-m/nofp/crtn.o
                0x00001b08                        . = ALIGN (0x4)

.vfp11_veneer   0x00001b08        0x0
 .vfp11_veneer  0x00001b08        0x0 linker stubs

.v4_bx          0x00001b08        0x0
 .v4_bx         0x00001b08        0x0 linker stubs

.iplt           0x00001b08        0x0
 .iplt          0x00001b08        0x0 C:/Users/nahue/.mcuxpressotools/arm-gnu-toolchain-13.2.Rel1-mingw-w64-i686-arm-none-eabi/bin/../lib/gcc/arm-none-eabi/13.2.1/thumb/v6-m/nofp/crtbegin.o

.ARM.extab
 *(.ARM.extab* .gnu.linkonce.armextab.*)

.ARM            0x00001b08        0x8
                0x00001b08                        __exidx_start = .
 *(.ARM.exidx*)
 .ARM.exidx     0x00001b08        0x8 C:/Users/nahue/.mcuxpressotools/arm-gnu-toolchain-13.2.Rel1-mingw-w64-i686-arm-none-eabi/bin/../lib/gcc/arm-none-eabi/13.2.1/thumb/v6-m/nofp/crt0.o
                                 0x10 (size before relaxing)
                0x00001b10                        __exidx_end = .

.rel.dyn        0x00001b10        0x0
 .rel.iplt      0x00001b10        0x0 C:/Users/nahue/.mcuxpressotools/arm-gnu-toolchain-13.2.Rel1-mingw-w64-i686-arm-none-eabi/bin/../lib/gcc/arm-none-eabi/13.2.1/thumb/v6-m/nofp/crtbegin.o

.ctors          0x00001b10        0x0
                0x00001b10                        __CTOR_LIST__ = .
 *crtbegin.o(.ctors)
 *crtbegin?.o(.ctors)
 *(EXCLUDE_FILE(*crtend.o *crtend?.o) .ctors)
 *(SORT_BY_NAME(.ctors.*))
 *(.ctors)
                0x00001b10                        __CTOR_END__ = .

.dtors          0x00001b10        0x0
                0x00001b10                        __DTOR_LIST__ = .
 *crtbegin.o(.dtors)
 *crtbegin?.o(.dtors)
 *(EXCLUDE_FILE(*crtend.o *crtend?.o) .dtors)
 *(SORT_BY_NAME(.dtors.*))
 *(.dtors)
                0x00001b10                        __DTOR_END__ = .

.preinit_array  0x00001b10        0x0
                0x00001b10                        PROVIDE (__preinit_array_start = .)
 *(.preinit_array*)
                0x00001b10                        PROVIDE (__preinit_array_end = .)

.init_array     0x00001b10        0x4
                0x00001b10                        PROVIDE (__init_array_start = .)
 *(SORT_BY_NAME(.init_array.*))
 *(.init_array*)
 .init_array    0x00001b10        0x4 C:/Users/nahue/.mcuxpressotools/arm-gnu-toolchain-13.2.Rel1-mingw-w64-i686-arm-none-eabi/bin/../lib/gcc/arm-none-eabi/13.2.1/thumb/v6-m/nofp/crtbegin.o
                0x00001b14                        PROVIDE (__init_array_end = .)

.fini_array     0x00001b14        0x4
                [!provide]                        PROVIDE (__fini_array_start = .)
 *(SORT_BY_NAME(.fini_array.*))
 *(.fini_array*)
 .fini_array    0x00001b14        0x4 C:/Users/nahue/.mcuxpressotools/arm-gnu-toolchain-13.2.Rel1-mingw-w64-i686-arm-none-eabi/bin/../lib/gcc/arm-none-eabi/13.2.1/thumb/v6-m/nofp/crtbegin.o
                [!provide]                        PROVIDE (__fini_array_end = .)
                0x00001b18                        __etext = .
                0x00001b18                        __DATA_ROM = .

.data           0x10000000        0x4 load address 0x00001b18
                0x10000000                        . = ALIGN (0x4)
                0x10000000                        __DATA_RAM = .
                0x10000000                        __data_start__ = .
 *(.ramfunc*)
 *(.data)
 *(.data*)
 .data.SystemCoreClock
                0x10000000        0x4 CMakeFiles/led_blinky_lpc.elf.dir/C_/Users/nahue/Desktop/test/sdks/lpc845breakout_blank_sdk/devices/LPC845/system_LPC845.c.obj
                0x10000000                SystemCoreClock
 *(.jcr*)
                0x10000004                        . = ALIGN (0x4)
                0x10000004                        __data_end__ = .
                0x00001b1c                        __DATA_END = (__DATA_ROM + (__data_end__ - __data_start__))
                0x00010000                        text_end = (ORIGIN (m_text) + LENGTH (m_text))
                0x00000001                        ASSERT ((__DATA_END <= text_end), region m_text overflowed with text and data)

.tm_clone_table
                0x10000004        0x0 load address 0x00001b1c
 .tm_clone_table
                0x10000004        0x0 C:/Users/nahue/.mcuxpressotools/arm-gnu-toolchain-13.2.Rel1-mingw-w64-i686-arm-none-eabi/bin/../lib/gcc/arm-none-eabi/13.2.1/thumb/v6-m/nofp/crtbegin.o
 .tm_clone_table
                0x10000004        0x0 C:/Users/nahue/.mcuxpressotools/arm-gnu-toolchain-13.2.Rel1-mingw-w64-i686-arm-none-eabi/bin/../lib/gcc/arm-none-eabi/13.2.1/thumb/v6-m/nofp/crtend.o

.igot.plt       0x10000004        0x0 load address 0x00001b1c
 .igot.plt      0x10000004        0x0 C:/Users/nahue/.mcuxpressotools/arm-gnu-toolchain-13.2.Rel1-mingw-w64-i686-arm-none-eabi/bin/../lib/gcc/arm-none-eabi/13.2.1/thumb/v6-m/nofp/crtbegin.o

.bss            0x10000004       0x54 load address 0x00001b1c
                0x10000004                        . = ALIGN (0x4)
                0x10000004                        __START_BSS = .
                0x10000004                        __bss_start__ = .
 *(.bss)
 *(.bss*)
 .bss.completed.1
                0x10000004        0x1 C:/Users/nahue/.mcuxpressotools/arm-gnu-toolchain-13.2.Rel1-mingw-w64-i686-arm-none-eabi/bin/../lib/gcc/arm-none-eabi/13.2.1/thumb/v6-m/nofp/crtbegin.o
 *fill*         0x10000005        0x3 
 .bss.object.0  0x10000008       0x18 C:/Users/nahue/.mcuxpressotools/arm-gnu-toolchain-13.2.Rel1-mingw-w64-i686-arm-none-eabi/bin/../lib/gcc/arm-none-eabi/13.2.1/thumb/v6-m/nofp/crtbegin.o
 .bss.g_systemTickCount
                0x10000020        0x4 CMakeFiles/led_blinky_lpc.elf.dir/d60a6061bd201d99102dea7fe2803cfc/Unidad_5/ledRGB_FSM/servicios/sys_time.c.obj
 .bss.gs_port_initialized
                0x10000024        0x2 CMakeFiles/led_blinky_lpc.elf.dir/C_/Users/nahue/Documents/Workspace/Programacion2_Bioingenieria_Alumnos/Unidad_5/ledRGB_FSM/hal/hal_gpio.c.obj
 *fill*         0x10000026        0x2 
 .bss.s_usartHandle
                0x10000028       0x14 CMakeFiles/led_blinky_lpc.elf.dir/C_/Users/nahue/Desktop/test/sdks/lpc845breakout_blank_sdk/devices/LPC845/drivers/fsl_usart.c.obj
 .bss.s_usartIsr
                0x1000003c        0x4 CMakeFiles/led_blinky_lpc.elf.dir/C_/Users/nahue/Desktop/test/sdks/lpc845breakout_blank_sdk/devices/LPC845/drivers/fsl_usart.c.obj
 .bss.s_debugConsole
                0x10000040       0x14 CMakeFiles/led_blinky_lpc.elf.dir/5824b577e3c6a752d08b78eb8d55a705/devices/LPC845/utilities/debug_console_lite/fsl_debug_console.c.obj
 .bss.__stdio_exit_handler
                0x10000054        0x4 C:/Users/nahue/.mcuxpressotools/arm-gnu-toolchain-13.2.Rel1-mingw-w64-i686-arm-none-eabi/bin/../lib/gcc/arm-none-eabi/13.2.1/thumb/v6-m/nofp\libc_nano.a(libc_a-findfp.o)
                0x10000054                __stdio_exit_handler
 *(COMMON)
                0x10000058                        . = ALIGN (0x4)
                0x10000058                        __bss_end__ = .
                0x10000058                        __END_BSS = .

.heap           0x10000058      0x400 load address 0x00001b70
                0x10000058                        . = ALIGN (0x8)
                0x10000058                        __end__ = .
                0x10000058                        PROVIDE (end = .)
                0x10000058                        __HeapBase = .
                0x10000458                        . = (. + HEAP_SIZE)
 *fill*         0x10000058      0x400 
                0x10000458                        __HeapLimit = .
                0x10000458                        __heap_limit = .

.stack          0x10000458      0x800 load address 0x00001f70
                0x10000458                        . = ALIGN (0x8)
                0x10000c58                        . = (. + STACK_SIZE)
 *fill*         0x10000458      0x800 
                0x10003fe0                        __StackTop = (ORIGIN (m_data) + LENGTH (m_data))
                0x100037e0                        __StackLimit = (__StackTop - STACK_SIZE)
                0x10003fe0                        PROVIDE (__stack = __StackTop)

.ARM.attributes
                0x00000000       0x28
 *(.ARM.attributes)
 .ARM.attributes
                0x00000000       0x1e C:/Users/nahue/.mcuxpressotools/arm-gnu-toolchain-13.2.Rel1-mingw-w64-i686-arm-none-eabi/bin/../lib/gcc/arm-none-eabi/13.2.1/thumb/v6-m/nofp/crti.o
 .ARM.attributes
                0x0000001e       0x2c C:/Users/nahue/.mcuxpressotools/arm-gnu-toolchain-13.2.Rel1-mingw-w64-i686-arm-none-eabi/bin/../lib/gcc/arm-none-eabi/13.2.1/thumb/v6-m/nofp/crtbegin.o
 .ARM.attributes
                0x0000004a       0x1b C:/Users/nahue/.mcuxpressotools/arm-gnu-toolchain-13.2.Rel1-mingw-w64-i686-arm-none-eabi/bin/../lib/gcc/arm-none-eabi/13.2.1/thumb/v6-m/nofp/crt0.o
 .ARM.attributes
                0x00000065       0x2c CMakeFiles/led_blinky_lpc.elf.dir/093933dfe12d50338c9024180113a5b9/Programacion2_Bioingenieria_Alumnos/Unidad_5/ledRGB_FSM/aplicacion/main.c.obj
 .ARM.attributes
                0x00000091       0x2c CMakeFiles/led_blinky_lpc.elf.dir/d60a6061bd201d99102dea7fe2803cfc/Unidad_5/ledRGB_FSM/servicios/sys_time.c.obj
 .ARM.attributes
                0x000000bd       0x2c CMakeFiles/led_blinky_lpc.elf.dir/d60a6061bd201d99102dea7fe2803cfc/Unidad_5/ledRGB_FSM/drivers/driver_led.c.obj
 .ARM.attributes
                0x000000e9       0x2c CMakeFiles/led_blinky_lpc.elf.dir/C_/Users/nahue/Documents/Workspace/Programacion2_Bioingenieria_Alumnos/Unidad_5/ledRGB_FSM/hal/hal_gpio.c.obj
 .ARM.attributes
                0x00000115       0x2c CMakeFiles/led_blinky_lpc.elf.dir/d60a6061bd201d99102dea7fe2803cfc/Unidad_5/ledRGB_FSM/registros/board/clock_config.c.obj
 .ARM.attributes
                0x00000141       0x2c CMakeFiles/led_blinky_lpc.elf.dir/d60a6061bd201d99102dea7fe2803cfc/Unidad_5/ledRGB_FSM/registros/board/pin_mux.c.obj
 .ARM.attributes
                0x0000016d       0x2c CMakeFiles/led_blinky_lpc.elf.dir/d60a6061bd201d99102dea7fe2803cfc/Unidad_5/ledRGB_FSM/registros/board/hardware_init.c.obj
 .ARM.attributes
                0x00000199       0x1b CMakeFiles/led_blinky_lpc.elf.dir/C_/Users/nahue/Desktop/test/sdks/lpc845breakout_blank_sdk/devices/LPC845/gcc/startup_LPC845.S.obj
 .ARM.attributes
                0x000001b4       0x2c CMakeFiles/led_blinky_lpc.elf.dir/C_/Users/nahue/Desktop/test/sdks/lpc845breakout_blank_sdk/devices/LPC845/system_LPC845.c.obj
 .ARM.attributes
                0x000001e0       0x2c CMakeFiles/led_blinky_lpc.elf.dir/C_/Users/nahue/Desktop/test/sdks/lpc845breakout_blank_sdk/devices/LPC845/drivers/fsl_clock.c.obj
 .ARM.attributes
                0x0000020c       0x2c CMakeFiles/led_blinky_lpc.elf.dir/C_/Users/nahue/Desktop/test/sdks/lpc845breakout_blank_sdk/devices/LPC845/drivers/fsl_gpio.c.obj
 .ARM.attributes
                0x00000238       0x2c CMakeFiles/led_blinky_lpc.elf.dir/C_/Users/nahue/Desktop/test/sdks/lpc845breakout_blank_sdk/devices/LPC845/drivers/fsl_usart.c.obj
 .ARM.attributes
                0x00000264       0x2c CMakeFiles/led_blinky_lpc.elf.dir/C_/Users/nahue/Desktop/test/sdks/lpc845breakout_blank_sdk/devices/LPC845/drivers/fsl_reset.c.obj
 .ARM.attributes
                0x00000290       0x2c CMakeFiles/led_blinky_lpc.elf.dir/5824b577e3c6a752d08b78eb8d55a705/devices/LPC845/utilities/debug_console_lite/fsl_assert.c.obj
 .ARM.attributes
                0x000002bc       0x2c CMakeFiles/led_blinky_lpc.elf.dir/5824b577e3c6a752d08b78eb8d55a705/devices/LPC845/utilities/debug_console_lite/fsl_debug_console.c.obj
 .ARM.attributes
                0x000002e8       0x1e C:/Users/nahue/.mcuxpressotools/arm-gnu-toolchain-13.2.Rel1-mingw-w64-i686-arm-none-eabi/bin/../lib/gcc/arm-none-eabi/13.2.1/thumb/v6-m/nofp\libgcc.a(_udivsi3.o)
 .ARM.attributes
                0x00000306       0x1e C:/Users/nahue/.mcuxpressotools/arm-gnu-toolchain-13.2.Rel1-mingw-w64-i686-arm-none-eabi/bin/../lib/gcc/arm-none-eabi/13.2.1/thumb/v6-m/nofp\libgcc.a(_dvmd_tls.o)
 .ARM.attributes
                0x00000324       0x2c C:/Users/nahue/.mcuxpressotools/arm-gnu-toolchain-13.2.Rel1-mingw-w64-i686-arm-none-eabi/bin/../lib/gcc/arm-none-eabi/13.2.1/thumb/v6-m/nofp\libc_nano.a(libc_a-exit.o)
 .ARM.attributes
                0x00000350       0x2c C:/Users/nahue/.mcuxpressotools/arm-gnu-toolchain-13.2.Rel1-mingw-w64-i686-arm-none-eabi/bin/../lib/gcc/arm-none-eabi/13.2.1/thumb/v6-m/nofp\libc_nano.a(libc_a-findfp.o)
 .ARM.attributes
                0x0000037c       0x2c C:/Users/nahue/.mcuxpressotools/arm-gnu-toolchain-13.2.Rel1-mingw-w64-i686-arm-none-eabi/bin/../lib/gcc/arm-none-eabi/13.2.1/thumb/v6-m/nofp\libc_nano.a(libc_a-memset.o)
 .ARM.attributes
                0x000003a8       0x2c C:/Users/nahue/.mcuxpressotools/arm-gnu-toolchain-13.2.Rel1-mingw-w64-i686-arm-none-eabi/bin/../lib/gcc/arm-none-eabi/13.2.1/thumb/v6-m/nofp\libc_nano.a(libc_a-init.o)
 .ARM.attributes
                0x000003d4       0x2c C:/Users/nahue/.mcuxpressotools/arm-gnu-toolchain-13.2.Rel1-mingw-w64-i686-arm-none-eabi/bin/../lib/gcc/arm-none-eabi/13.2.1/thumb/v6-m/nofp\libc_nano.a(libc_a-memcpy-stub.o)
 .ARM.attributes
                0x00000400       0x1c C:/Users/nahue/.mcuxpressotools/arm-gnu-toolchain-13.2.Rel1-mingw-w64-i686-arm-none-eabi/bin/../lib/gcc/arm-none-eabi/13.2.1/thumb/v6-m/nofp\libc_nano.a(libc_a-strlen.o)
 .ARM.attributes
                0x0000041c       0x2c C:/Users/nahue/.mcuxpressotools/arm-gnu-toolchain-13.2.Rel1-mingw-w64-i686-arm-none-eabi/bin/../lib/gcc/arm-none-eabi/13.2.1/../../../../arm-none-eabi/lib/thumb/v6-m/nofp\libcr_newlib_nohost.a(_exit.o)
 .ARM.attributes
                0x00000448       0x2c C:/Users/nahue/.mcuxpressotools/arm-gnu-toolchain-13.2.Rel1-mingw-w64-i686-arm-none-eabi/bin/../lib/gcc/arm-none-eabi/13.2.1/thumb/v6-m/nofp/crtend.o
 .ARM.attributes
                0x00000474       0x1e C:/Users/nahue/.mcuxpressotools/arm-gnu-toolchain-13.2.Rel1-mingw-w64-i686-arm-none-eabi/bin/../lib/gcc/arm-none-eabi/13.2.1/thumb/v6-m/nofp/crtn.o
                0x00000001                        ASSERT ((__StackLimit >= __HeapLimit), region m_data overflowed with stack and heap)
OUTPUT(led_blinky_lpc.elf elf32-littlearm)
LOAD linker stubs

.debug_line_str
                0x00000000      0x348
 .debug_line_str
                0x00000000      0x348 C:/Users/nahue/.mcuxpressotools/arm-gnu-toolchain-13.2.Rel1-mingw-w64-i686-arm-none-eabi/bin/../lib/gcc/arm-none-eabi/13.2.1/thumb/v6-m/nofp/crt0.o
                                 0xd2 (size before relaxing)
 .debug_line_str
                0x00000348       0xc6 CMakeFiles/led_blinky_lpc.elf.dir/C_/Users/nahue/Desktop/test/sdks/lpc845breakout_blank_sdk/devices/LPC845/gcc/startup_LPC845.S.obj
 .debug_line_str
                0x00000348       0xc9 C:/Users/nahue/.mcuxpressotools/arm-gnu-toolchain-13.2.Rel1-mingw-w64-i686-arm-none-eabi/bin/../lib/gcc/arm-none-eabi/13.2.1/thumb/v6-m/nofp\libgcc.a(_udivsi3.o)
 .debug_line_str
                0x00000348       0xc9 C:/Users/nahue/.mcuxpressotools/arm-gnu-toolchain-13.2.Rel1-mingw-w64-i686-arm-none-eabi/bin/../lib/gcc/arm-none-eabi/13.2.1/thumb/v6-m/nofp\libgcc.a(_dvmd_tls.o)
 .debug_line_str
                0x00000348       0xe7 C:/Users/nahue/.mcuxpressotools/arm-gnu-toolchain-13.2.Rel1-mingw-w64-i686-arm-none-eabi/bin/../lib/gcc/arm-none-eabi/13.2.1/thumb/v6-m/nofp\libc_nano.a(libc_a-strlen.o)

.debug_info     0x00000000     0x82ab
 .debug_info    0x00000000      0x157 CMakeFiles/led_blinky_lpc.elf.dir/093933dfe12d50338c9024180113a5b9/Programacion2_Bioingenieria_Alumnos/Unidad_5/ledRGB_FSM/aplicacion/main.c.obj
 .debug_info    0x00000157      0x105 CMakeFiles/led_blinky_lpc.elf.dir/d60a6061bd201d99102dea7fe2803cfc/Unidad_5/ledRGB_FSM/servicios/sys_time.c.obj
 .debug_info    0x0000025c      0x1d6 CMakeFiles/led_blinky_lpc.elf.dir/d60a6061bd201d99102dea7fe2803cfc/Unidad_5/ledRGB_FSM/drivers/driver_led.c.obj
 .debug_info    0x00000432      0x887 CMakeFiles/led_blinky_lpc.elf.dir/C_/Users/nahue/Documents/Workspace/Programacion2_Bioingenieria_Alumnos/Unidad_5/ledRGB_FSM/hal/hal_gpio.c.obj
 .debug_info    0x00000cb9      0xa3e CMakeFiles/led_blinky_lpc.elf.dir/d60a6061bd201d99102dea7fe2803cfc/Unidad_5/ledRGB_FSM/registros/board/clock_config.c.obj
 .debug_info    0x000016f7      0x95d CMakeFiles/led_blinky_lpc.elf.dir/d60a6061bd201d99102dea7fe2803cfc/Unidad_5/ledRGB_FSM/registros/board/pin_mux.c.obj
 .debug_info    0x00002054      0x422 CMakeFiles/led_blinky_lpc.elf.dir/d60a6061bd201d99102dea7fe2803cfc/Unidad_5/ledRGB_FSM/registros/board/hardware_init.c.obj
 .debug_info    0x00002476      0x37b CMakeFiles/led_blinky_lpc.elf.dir/C_/Users/nahue/Desktop/test/sdks/lpc845breakout_blank_sdk/devices/LPC845/gcc/startup_LPC845.S.obj
 .debug_info    0x000027f1      0x60e CMakeFiles/led_blinky_lpc.elf.dir/C_/Users/nahue/Desktop/test/sdks/lpc845breakout_blank_sdk/devices/LPC845/system_LPC845.c.obj
 .debug_info    0x00002dff     0x130b CMakeFiles/led_blinky_lpc.elf.dir/C_/Users/nahue/Desktop/test/sdks/lpc845breakout_blank_sdk/devices/LPC845/drivers/fsl_clock.c.obj
 .debug_info    0x0000410a      0xdfa CMakeFiles/led_blinky_lpc.elf.dir/C_/Users/nahue/Desktop/test/sdks/lpc845breakout_blank_sdk/devices/LPC845/drivers/fsl_gpio.c.obj
 .debug_info    0x00004f04     0x1de0 CMakeFiles/led_blinky_lpc.elf.dir/C_/Users/nahue/Desktop/test/sdks/lpc845breakout_blank_sdk/devices/LPC845/drivers/fsl_usart.c.obj
 .debug_info    0x00006ce4      0x719 CMakeFiles/led_blinky_lpc.elf.dir/C_/Users/nahue/Desktop/test/sdks/lpc845breakout_blank_sdk/devices/LPC845/drivers/fsl_reset.c.obj
 .debug_info    0x000073fd      0x126 CMakeFiles/led_blinky_lpc.elf.dir/5824b577e3c6a752d08b78eb8d55a705/devices/LPC845/utilities/debug_console_lite/fsl_assert.c.obj
 .debug_info    0x00007523      0xce5 CMakeFiles/led_blinky_lpc.elf.dir/5824b577e3c6a752d08b78eb8d55a705/devices/LPC845/utilities/debug_console_lite/fsl_debug_console.c.obj
 .debug_info    0x00008208       0xa3 C:/Users/nahue/.mcuxpressotools/arm-gnu-toolchain-13.2.Rel1-mingw-w64-i686-arm-none-eabi/bin/../lib/gcc/arm-none-eabi/13.2.1/../../../../arm-none-eabi/lib/thumb/v6-m/nofp\libcr_newlib_nohost.a(_exit.o)

.debug_abbrev   0x00000000     0x18e8
 .debug_abbrev  0x00000000       0xb6 CMakeFiles/led_blinky_lpc.elf.dir/093933dfe12d50338c9024180113a5b9/Programacion2_Bioingenieria_Alumnos/Unidad_5/ledRGB_FSM/aplicacion/main.c.obj
 .debug_abbrev  0x000000b6       0xb0 CMakeFiles/led_blinky_lpc.elf.dir/d60a6061bd201d99102dea7fe2803cfc/Unidad_5/ledRGB_FSM/servicios/sys_time.c.obj
 .debug_abbrev  0x00000166       0xd1 CMakeFiles/led_blinky_lpc.elf.dir/d60a6061bd201d99102dea7fe2803cfc/Unidad_5/ledRGB_FSM/drivers/driver_led.c.obj
 .debug_abbrev  0x00000237      0x1e1 CMakeFiles/led_blinky_lpc.elf.dir/C_/Users/nahue/Documents/Workspace/Programacion2_Bioingenieria_Alumnos/Unidad_5/ledRGB_FSM/hal/hal_gpio.c.obj
 .debug_abbrev  0x00000418      0x270 CMakeFiles/led_blinky_lpc.elf.dir/d60a6061bd201d99102dea7fe2803cfc/Unidad_5/ledRGB_FSM/registros/board/clock_config.c.obj
 .debug_abbrev  0x00000688      0x1c2 CMakeFiles/led_blinky_lpc.elf.dir/d60a6061bd201d99102dea7fe2803cfc/Unidad_5/ledRGB_FSM/registros/board/pin_mux.c.obj
 .debug_abbrev  0x0000084a      0x1af CMakeFiles/led_blinky_lpc.elf.dir/d60a6061bd201d99102dea7fe2803cfc/Unidad_5/ledRGB_FSM/registros/board/hardware_init.c.obj
 .debug_abbrev  0x000009f9       0x26 CMakeFiles/led_blinky_lpc.elf.dir/C_/Users/nahue/Desktop/test/sdks/lpc845breakout_blank_sdk/devices/LPC845/gcc/startup_LPC845.S.obj
 .debug_abbrev  0x00000a1f      0x16b CMakeFiles/led_blinky_lpc.elf.dir/C_/Users/nahue/Desktop/test/sdks/lpc845breakout_blank_sdk/devices/LPC845/system_LPC845.c.obj
 .debug_abbrev  0x00000b8a      0x343 CMakeFiles/led_blinky_lpc.elf.dir/C_/Users/nahue/Desktop/test/sdks/lpc845breakout_blank_sdk/devices/LPC845/drivers/fsl_clock.c.obj
 .debug_abbrev  0x00000ecd      0x1e8 CMakeFiles/led_blinky_lpc.elf.dir/C_/Users/nahue/Desktop/test/sdks/lpc845breakout_blank_sdk/devices/LPC845/drivers/fsl_gpio.c.obj
 .debug_abbrev  0x000010b5      0x38f CMakeFiles/led_blinky_lpc.elf.dir/C_/Users/nahue/Desktop/test/sdks/lpc845breakout_blank_sdk/devices/LPC845/drivers/fsl_usart.c.obj
 .debug_abbrev  0x00001444      0x153 CMakeFiles/led_blinky_lpc.elf.dir/C_/Users/nahue/Desktop/test/sdks/lpc845breakout_blank_sdk/devices/LPC845/drivers/fsl_reset.c.obj
 .debug_abbrev  0x00001597       0xa8 CMakeFiles/led_blinky_lpc.elf.dir/5824b577e3c6a752d08b78eb8d55a705/devices/LPC845/utilities/debug_console_lite/fsl_assert.c.obj
 .debug_abbrev  0x0000163f      0x242 CMakeFiles/led_blinky_lpc.elf.dir/5824b577e3c6a752d08b78eb8d55a705/devices/LPC845/utilities/debug_console_lite/fsl_debug_console.c.obj
 .debug_abbrev  0x00001881       0x67 C:/Users/nahue/.mcuxpressotools/arm-gnu-toolchain-13.2.Rel1-mingw-w64-i686-arm-none-eabi/bin/../lib/gcc/arm-none-eabi/13.2.1/../../../../arm-none-eabi/lib/thumb/v6-m/nofp\libcr_newlib_nohost.a(_exit.o)

.debug_aranges  0x00000000      0x558
 .debug_aranges
                0x00000000       0x20 CMakeFiles/led_blinky_lpc.elf.dir/093933dfe12d50338c9024180113a5b9/Programacion2_Bioingenieria_Alumnos/Unidad_5/ledRGB_FSM/aplicacion/main.c.obj
 .debug_aranges
                0x00000020       0x38 CMakeFiles/led_blinky_lpc.elf.dir/d60a6061bd201d99102dea7fe2803cfc/Unidad_5/ledRGB_FSM/servicios/sys_time.c.obj
 .debug_aranges
                0x00000058       0x38 CMakeFiles/led_blinky_lpc.elf.dir/d60a6061bd201d99102dea7fe2803cfc/Unidad_5/ledRGB_FSM/drivers/driver_led.c.obj
 .debug_aranges
                0x00000090       0x50 CMakeFiles/led_blinky_lpc.elf.dir/C_/Users/nahue/Documents/Workspace/Programacion2_Bioingenieria_Alumnos/Unidad_5/ledRGB_FSM/hal/hal_gpio.c.obj
 .debug_aranges
                0x000000e0       0x60 CMakeFiles/led_blinky_lpc.elf.dir/d60a6061bd201d99102dea7fe2803cfc/Unidad_5/ledRGB_FSM/registros/board/clock_config.c.obj
 .debug_aranges
                0x00000140       0x38 CMakeFiles/led_blinky_lpc.elf.dir/d60a6061bd201d99102dea7fe2803cfc/Unidad_5/ledRGB_FSM/registros/board/pin_mux.c.obj
 .debug_aranges
                0x00000178       0x38 CMakeFiles/led_blinky_lpc.elf.dir/d60a6061bd201d99102dea7fe2803cfc/Unidad_5/ledRGB_FSM/registros/board/hardware_init.c.obj
 .debug_aranges
                0x000001b0       0x20 CMakeFiles/led_blinky_lpc.elf.dir/C_/Users/nahue/Desktop/test/sdks/lpc845breakout_blank_sdk/devices/LPC845/gcc/startup_LPC845.S.obj
 .debug_aranges
                0x000001d0       0x30 CMakeFiles/led_blinky_lpc.elf.dir/C_/Users/nahue/Desktop/test/sdks/lpc845breakout_blank_sdk/devices/LPC845/system_LPC845.c.obj
 .debug_aranges
                0x00000200      0x108 CMakeFiles/led_blinky_lpc.elf.dir/C_/Users/nahue/Desktop/test/sdks/lpc845breakout_blank_sdk/devices/LPC845/drivers/fsl_clock.c.obj
 .debug_aranges
                0x00000308       0x38 CMakeFiles/led_blinky_lpc.elf.dir/C_/Users/nahue/Desktop/test/sdks/lpc845breakout_blank_sdk/devices/LPC845/drivers/fsl_gpio.c.obj
 .debug_aranges
                0x00000340      0x128 CMakeFiles/led_blinky_lpc.elf.dir/C_/Users/nahue/Desktop/test/sdks/lpc845breakout_blank_sdk/devices/LPC845/drivers/fsl_usart.c.obj
 .debug_aranges
                0x00000468       0x30 CMakeFiles/led_blinky_lpc.elf.dir/C_/Users/nahue/Desktop/test/sdks/lpc845breakout_blank_sdk/devices/LPC845/drivers/fsl_reset.c.obj
 .debug_aranges
                0x00000498       0x28 CMakeFiles/led_blinky_lpc.elf.dir/5824b577e3c6a752d08b78eb8d55a705/devices/LPC845/utilities/debug_console_lite/fsl_assert.c.obj
 .debug_aranges
                0x000004c0       0x78 CMakeFiles/led_blinky_lpc.elf.dir/5824b577e3c6a752d08b78eb8d55a705/devices/LPC845/utilities/debug_console_lite/fsl_debug_console.c.obj
 .debug_aranges
                0x00000538       0x20 C:/Users/nahue/.mcuxpressotools/arm-gnu-toolchain-13.2.Rel1-mingw-w64-i686-arm-none-eabi/bin/../lib/gcc/arm-none-eabi/13.2.1/../../../../arm-none-eabi/lib/thumb/v6-m/nofp\libcr_newlib_nohost.a(_exit.o)

.debug_rnglists
                0x00000000      0x3a6
 .debug_rnglists
                0x00000000       0x14 CMakeFiles/led_blinky_lpc.elf.dir/093933dfe12d50338c9024180113a5b9/Programacion2_Bioingenieria_Alumnos/Unidad_5/ledRGB_FSM/aplicacion/main.c.obj
 .debug_rnglists
                0x00000014       0x25 CMakeFiles/led_blinky_lpc.elf.dir/d60a6061bd201d99102dea7fe2803cfc/Unidad_5/ledRGB_FSM/servicios/sys_time.c.obj
 .debug_rnglists
                0x00000039       0x25 CMakeFiles/led_blinky_lpc.elf.dir/d60a6061bd201d99102dea7fe2803cfc/Unidad_5/ledRGB_FSM/drivers/driver_led.c.obj
 .debug_rnglists
                0x0000005e       0x38 CMakeFiles/led_blinky_lpc.elf.dir/C_/Users/nahue/Documents/Workspace/Programacion2_Bioingenieria_Alumnos/Unidad_5/ledRGB_FSM/hal/hal_gpio.c.obj
 .debug_rnglists
                0x00000096       0x43 CMakeFiles/led_blinky_lpc.elf.dir/d60a6061bd201d99102dea7fe2803cfc/Unidad_5/ledRGB_FSM/registros/board/clock_config.c.obj
 .debug_rnglists
                0x000000d9       0x25 CMakeFiles/led_blinky_lpc.elf.dir/d60a6061bd201d99102dea7fe2803cfc/Unidad_5/ledRGB_FSM/registros/board/pin_mux.c.obj
 .debug_rnglists
                0x000000fe       0x26 CMakeFiles/led_blinky_lpc.elf.dir/d60a6061bd201d99102dea7fe2803cfc/Unidad_5/ledRGB_FSM/registros/board/hardware_init.c.obj
 .debug_rnglists
                0x00000124       0x20 CMakeFiles/led_blinky_lpc.elf.dir/C_/Users/nahue/Desktop/test/sdks/lpc845breakout_blank_sdk/devices/LPC845/system_LPC845.c.obj
 .debug_rnglists
                0x00000144       0xc9 CMakeFiles/led_blinky_lpc.elf.dir/C_/Users/nahue/Desktop/test/sdks/lpc845breakout_blank_sdk/devices/LPC845/drivers/fsl_clock.c.obj
 .debug_rnglists
                0x0000020d       0x26 CMakeFiles/led_blinky_lpc.elf.dir/C_/Users/nahue/Desktop/test/sdks/lpc845breakout_blank_sdk/devices/LPC845/drivers/fsl_gpio.c.obj
 .debug_rnglists
                0x00000233       0xe2 CMakeFiles/led_blinky_lpc.elf.dir/C_/Users/nahue/Desktop/test/sdks/lpc845breakout_blank_sdk/devices/LPC845/drivers/fsl_usart.c.obj
 .debug_rnglists
                0x00000315       0x1f CMakeFiles/led_blinky_lpc.elf.dir/C_/Users/nahue/Desktop/test/sdks/lpc845breakout_blank_sdk/devices/LPC845/drivers/fsl_reset.c.obj
 .debug_rnglists
                0x00000334       0x19 CMakeFiles/led_blinky_lpc.elf.dir/5824b577e3c6a752d08b78eb8d55a705/devices/LPC845/utilities/debug_console_lite/fsl_assert.c.obj
 .debug_rnglists
                0x0000034d       0x59 CMakeFiles/led_blinky_lpc.elf.dir/5824b577e3c6a752d08b78eb8d55a705/devices/LPC845/utilities/debug_console_lite/fsl_debug_console.c.obj

.debug_line     0x00000000     0x44bb
 .debug_line    0x00000000      0x358 CMakeFiles/led_blinky_lpc.elf.dir/093933dfe12d50338c9024180113a5b9/Programacion2_Bioingenieria_Alumnos/Unidad_5/ledRGB_FSM/aplicacion/main.c.obj
 .debug_line    0x00000358      0x20b CMakeFiles/led_blinky_lpc.elf.dir/d60a6061bd201d99102dea7fe2803cfc/Unidad_5/ledRGB_FSM/servicios/sys_time.c.obj
 .debug_line    0x00000563      0x26e CMakeFiles/led_blinky_lpc.elf.dir/d60a6061bd201d99102dea7fe2803cfc/Unidad_5/ledRGB_FSM/drivers/driver_led.c.obj
 .debug_line    0x000007d1      0x34a CMakeFiles/led_blinky_lpc.elf.dir/C_/Users/nahue/Documents/Workspace/Programacion2_Bioingenieria_Alumnos/Unidad_5/ledRGB_FSM/hal/hal_gpio.c.obj
 .debug_line    0x00000b1b      0x48b CMakeFiles/led_blinky_lpc.elf.dir/d60a6061bd201d99102dea7fe2803cfc/Unidad_5/ledRGB_FSM/registros/board/clock_config.c.obj
 .debug_line    0x00000fa6      0x320 CMakeFiles/led_blinky_lpc.elf.dir/d60a6061bd201d99102dea7fe2803cfc/Unidad_5/ledRGB_FSM/registros/board/pin_mux.c.obj
 .debug_line    0x000012c6      0x3e9 CMakeFiles/led_blinky_lpc.elf.dir/d60a6061bd201d99102dea7fe2803cfc/Unidad_5/ledRGB_FSM/registros/board/hardware_init.c.obj
 .debug_line    0x000016af      0x136 CMakeFiles/led_blinky_lpc.elf.dir/C_/Users/nahue/Desktop/test/sdks/lpc845breakout_blank_sdk/devices/LPC845/gcc/startup_LPC845.S.obj
 .debug_line    0x000017e5      0x3f7 CMakeFiles/led_blinky_lpc.elf.dir/C_/Users/nahue/Desktop/test/sdks/lpc845breakout_blank_sdk/devices/LPC845/system_LPC845.c.obj
 .debug_line    0x00001bdc      0xa76 CMakeFiles/led_blinky_lpc.elf.dir/C_/Users/nahue/Desktop/test/sdks/lpc845breakout_blank_sdk/devices/LPC845/drivers/fsl_clock.c.obj
 .debug_line    0x00002652      0x362 CMakeFiles/led_blinky_lpc.elf.dir/C_/Users/nahue/Desktop/test/sdks/lpc845breakout_blank_sdk/devices/LPC845/drivers/fsl_gpio.c.obj
 .debug_line    0x000029b4      0xdfd CMakeFiles/led_blinky_lpc.elf.dir/C_/Users/nahue/Desktop/test/sdks/lpc845breakout_blank_sdk/devices/LPC845/drivers/fsl_usart.c.obj
 .debug_line    0x000037b1      0x303 CMakeFiles/led_blinky_lpc.elf.dir/C_/Users/nahue/Desktop/test/sdks/lpc845breakout_blank_sdk/devices/LPC845/drivers/fsl_reset.c.obj
 .debug_line    0x00003ab4      0x158 CMakeFiles/led_blinky_lpc.elf.dir/5824b577e3c6a752d08b78eb8d55a705/devices/LPC845/utilities/debug_console_lite/fsl_assert.c.obj
 .debug_line    0x00003c0c      0x86b CMakeFiles/led_blinky_lpc.elf.dir/5824b577e3c6a752d08b78eb8d55a705/devices/LPC845/utilities/debug_console_lite/fsl_debug_console.c.obj
 .debug_line    0x00004477       0x44 C:/Users/nahue/.mcuxpressotools/arm-gnu-toolchain-13.2.Rel1-mingw-w64-i686-arm-none-eabi/bin/../lib/gcc/arm-none-eabi/13.2.1/../../../../arm-none-eabi/lib/thumb/v6-m/nofp\libcr_newlib_nohost.a(_exit.o)

.debug_str      0x00000000     0x4c91
 .debug_str     0x00000000     0x4c91 CMakeFiles/led_blinky_lpc.elf.dir/093933dfe12d50338c9024180113a5b9/Programacion2_Bioingenieria_Alumnos/Unidad_5/ledRGB_FSM/aplicacion/main.c.obj
                                0x2ed (size before relaxing)
 .debug_str     0x00004c91      0x2ac CMakeFiles/led_blinky_lpc.elf.dir/d60a6061bd201d99102dea7fe2803cfc/Unidad_5/ledRGB_FSM/servicios/sys_time.c.obj
 .debug_str     0x00004c91      0x317 CMakeFiles/led_blinky_lpc.elf.dir/d60a6061bd201d99102dea7fe2803cfc/Unidad_5/ledRGB_FSM/drivers/driver_led.c.obj
 .debug_str     0x00004c91      0xf70 CMakeFiles/led_blinky_lpc.elf.dir/C_/Users/nahue/Documents/Workspace/Programacion2_Bioingenieria_Alumnos/Unidad_5/ledRGB_FSM/hal/hal_gpio.c.obj
 .debug_str     0x00004c91     0x1049 CMakeFiles/led_blinky_lpc.elf.dir/d60a6061bd201d99102dea7fe2803cfc/Unidad_5/ledRGB_FSM/registros/board/clock_config.c.obj
 .debug_str     0x00004c91      0x83a CMakeFiles/led_blinky_lpc.elf.dir/d60a6061bd201d99102dea7fe2803cfc/Unidad_5/ledRGB_FSM/registros/board/pin_mux.c.obj
 .debug_str     0x00004c91      0x5a6 CMakeFiles/led_blinky_lpc.elf.dir/d60a6061bd201d99102dea7fe2803cfc/Unidad_5/ledRGB_FSM/registros/board/hardware_init.c.obj
 .debug_str     0x00004c91      0x6a6 CMakeFiles/led_blinky_lpc.elf.dir/C_/Users/nahue/Desktop/test/sdks/lpc845breakout_blank_sdk/devices/LPC845/gcc/startup_LPC845.S.obj
 .debug_str     0x00004c91      0x5bd CMakeFiles/led_blinky_lpc.elf.dir/C_/Users/nahue/Desktop/test/sdks/lpc845breakout_blank_sdk/devices/LPC845/system_LPC845.c.obj
 .debug_str     0x00004c91     0x18c0 CMakeFiles/led_blinky_lpc.elf.dir/C_/Users/nahue/Desktop/test/sdks/lpc845breakout_blank_sdk/devices/LPC845/drivers/fsl_clock.c.obj
 .debug_str     0x00004c91     0x15c7 CMakeFiles/led_blinky_lpc.elf.dir/C_/Users/nahue/Desktop/test/sdks/lpc845breakout_blank_sdk/devices/LPC845/drivers/fsl_gpio.c.obj
 .debug_str     0x00004c91     0x24d3 CMakeFiles/led_blinky_lpc.elf.dir/C_/Users/nahue/Desktop/test/sdks/lpc845breakout_blank_sdk/devices/LPC845/drivers/fsl_usart.c.obj
 .debug_str     0x00004c91      0x89f CMakeFiles/led_blinky_lpc.elf.dir/C_/Users/nahue/Desktop/test/sdks/lpc845breakout_blank_sdk/devices/LPC845/drivers/fsl_reset.c.obj
 .debug_str     0x00004c91      0x283 CMakeFiles/led_blinky_lpc.elf.dir/5824b577e3c6a752d08b78eb8d55a705/devices/LPC845/utilities/debug_console_lite/fsl_assert.c.obj
 .debug_str     0x00004c91     0x146d CMakeFiles/led_blinky_lpc.elf.dir/5824b577e3c6a752d08b78eb8d55a705/devices/LPC845/utilities/debug_console_lite/fsl_debug_console.c.obj
 .debug_str     0x00004c91      0x1b8 C:/Users/nahue/.mcuxpressotools/arm-gnu-toolchain-13.2.Rel1-mingw-w64-i686-arm-none-eabi/bin/../lib/gcc/arm-none-eabi/13.2.1/../../../../arm-none-eabi/lib/thumb/v6-m/nofp\libcr_newlib_nohost.a(_exit.o)

.comment        0x00000000       0x44
 .comment       0x00000000       0x44 CMakeFiles/led_blinky_lpc.elf.dir/093933dfe12d50338c9024180113a5b9/Programacion2_Bioingenieria_Alumnos/Unidad_5/ledRGB_FSM/aplicacion/main.c.obj
                                 0x45 (size before relaxing)
 .comment       0x00000044       0x45 CMakeFiles/led_blinky_lpc.elf.dir/d60a6061bd201d99102dea7fe2803cfc/Unidad_5/ledRGB_FSM/servicios/sys_time.c.obj
 .comment       0x00000044       0x45 CMakeFiles/led_blinky_lpc.elf.dir/d60a6061bd201d99102dea7fe2803cfc/Unidad_5/ledRGB_FSM/drivers/driver_led.c.obj
 .comment       0x00000044       0x45 CMakeFiles/led_blinky_lpc.elf.dir/C_/Users/nahue/Documents/Workspace/Programacion2_Bioingenieria_Alumnos/Unidad_5/ledRGB_FSM/hal/hal_gpio.c.obj
 .comment       0x00000044       0x45 CMakeFiles/led_blinky_lpc.elf.dir/d60a6061bd201d99102dea7fe2803cfc/Unidad_5/ledRGB_FSM/registros/board/clock_config.c.obj
 .comment       0x00000044       0x45 CMakeFiles/led_blinky_lpc.elf.dir/d60a6061bd201d99102dea7fe2803cfc/Unidad_5/ledRGB_FSM/registros/board/pin_mux.c.obj
 .comment       0x00000044       0x45 CMakeFiles/led_blinky_lpc.elf.dir/d60a6061bd201d99102dea7fe2803cfc/Unidad_5/ledRGB_FSM/registros/board/hardware_init.c.obj
 .comment       0x00000044       0x45 CMakeFiles/led_blinky_lpc.elf.dir/C_/Users/nahue/Desktop/test/sdks/lpc845breakout_blank_sdk/devices/LPC845/system_LPC845.c.obj
 .comment       0x00000044       0x45 CMakeFiles/led_blinky_lpc.elf.dir/C_/Users/nahue/Desktop/test/sdks/lpc845breakout_blank_sdk/devices/LPC845/drivers/fsl_clock.c.obj
 .comment       0x00000044       0x45 CMakeFiles/led_blinky_lpc.elf.dir/C_/Users/nahue/Desktop/test/sdks/lpc845breakout_blank_sdk/devices/LPC845/drivers/fsl_gpio.c.obj
 .comment       0x00000044       0x45 CMakeFiles/led_blinky_lpc.elf.dir/C_/Users/nahue/Desktop/test/sdks/lpc845breakout_blank_sdk/devices/LPC845/drivers/fsl_usart.c.obj
 .comment       0x00000044       0x45 CMakeFiles/led_blinky_lpc.elf.dir/C_/Users/nahue/Desktop/test/sdks/lpc845breakout_blank_sdk/devices/LPC845/drivers/fsl_reset.c.obj
 .comment       0x00000044       0x45 CMakeFiles/led_blinky_lpc.elf.dir/5824b577e3c6a752d08b78eb8d55a705/devices/LPC845/utilities/debug_console_lite/fsl_assert.c.obj
 .comment       0x00000044       0x45 CMakeFiles/led_blinky_lpc.elf.dir/5824b577e3c6a752d08b78eb8d55a705/devices/LPC845/utilities/debug_console_lite/fsl_debug_console.c.obj
 .comment       0x00000044       0x45 C:/Users/nahue/.mcuxpressotools/arm-gnu-toolchain-13.2.Rel1-mingw-w64-i686-arm-none-eabi/bin/../lib/gcc/arm-none-eabi/13.2.1/../../../../arm-none-eabi/lib/thumb/v6-m/nofp\libcr_newlib_nohost.a(_exit.o)

.debug_frame    0x00000000     0x11cc
 .debug_frame   0x00000000       0x30 CMakeFiles/led_blinky_lpc.elf.dir/093933dfe12d50338c9024180113a5b9/Programacion2_Bioingenieria_Alumnos/Unidad_5/ledRGB_FSM/aplicacion/main.c.obj
 .debug_frame   0x00000030       0x84 CMakeFiles/led_blinky_lpc.elf.dir/d60a6061bd201d99102dea7fe2803cfc/Unidad_5/ledRGB_FSM/servicios/sys_time.c.obj
 .debug_frame   0x000000b4       0x90 CMakeFiles/led_blinky_lpc.elf.dir/d60a6061bd201d99102dea7fe2803cfc/Unidad_5/ledRGB_FSM/drivers/driver_led.c.obj
 .debug_frame   0x00000144       0xf0 CMakeFiles/led_blinky_lpc.elf.dir/C_/Users/nahue/Documents/Workspace/Programacion2_Bioingenieria_Alumnos/Unidad_5/ledRGB_FSM/hal/hal_gpio.c.obj
 .debug_frame   0x00000234      0x120 CMakeFiles/led_blinky_lpc.elf.dir/d60a6061bd201d99102dea7fe2803cfc/Unidad_5/ledRGB_FSM/registros/board/clock_config.c.obj
 .debug_frame   0x00000354       0x8c CMakeFiles/led_blinky_lpc.elf.dir/d60a6061bd201d99102dea7fe2803cfc/Unidad_5/ledRGB_FSM/registros/board/pin_mux.c.obj
 .debug_frame   0x000003e0       0x88 CMakeFiles/led_blinky_lpc.elf.dir/d60a6061bd201d99102dea7fe2803cfc/Unidad_5/ledRGB_FSM/registros/board/hardware_init.c.obj
 .debug_frame   0x00000468       0x68 CMakeFiles/led_blinky_lpc.elf.dir/C_/Users/nahue/Desktop/test/sdks/lpc845breakout_blank_sdk/devices/LPC845/system_LPC845.c.obj
 .debug_frame   0x000004d0      0x3cc CMakeFiles/led_blinky_lpc.elf.dir/C_/Users/nahue/Desktop/test/sdks/lpc845breakout_blank_sdk/devices/LPC845/drivers/fsl_clock.c.obj
 .debug_frame   0x0000089c       0x90 CMakeFiles/led_blinky_lpc.elf.dir/C_/Users/nahue/Desktop/test/sdks/lpc845breakout_blank_sdk/devices/LPC845/drivers/fsl_gpio.c.obj
 .debug_frame   0x0000092c      0x43c CMakeFiles/led_blinky_lpc.elf.dir/C_/Users/nahue/Desktop/test/sdks/lpc845breakout_blank_sdk/devices/LPC845/drivers/fsl_usart.c.obj
 .debug_frame   0x00000d68       0x70 CMakeFiles/led_blinky_lpc.elf.dir/C_/Users/nahue/Desktop/test/sdks/lpc845breakout_blank_sdk/devices/LPC845/drivers/fsl_reset.c.obj
 .debug_frame   0x00000dd8       0x50 CMakeFiles/led_blinky_lpc.elf.dir/5824b577e3c6a752d08b78eb8d55a705/devices/LPC845/utilities/debug_console_lite/fsl_assert.c.obj
 .debug_frame   0x00000e28      0x190 CMakeFiles/led_blinky_lpc.elf.dir/5824b577e3c6a752d08b78eb8d55a705/devices/LPC845/utilities/debug_console_lite/fsl_debug_console.c.obj
 .debug_frame   0x00000fb8       0x20 C:/Users/nahue/.mcuxpressotools/arm-gnu-toolchain-13.2.Rel1-mingw-w64-i686-arm-none-eabi/bin/../lib/gcc/arm-none-eabi/13.2.1/thumb/v6-m/nofp\libgcc.a(_udivsi3.o)
 .debug_frame   0x00000fd8       0x28 C:/Users/nahue/.mcuxpressotools/arm-gnu-toolchain-13.2.Rel1-mingw-w64-i686-arm-none-eabi/bin/../lib/gcc/arm-none-eabi/13.2.1/thumb/v6-m/nofp\libc_nano.a(libc_a-exit.o)
 .debug_frame   0x00001000      0x138 C:/Users/nahue/.mcuxpressotools/arm-gnu-toolchain-13.2.Rel1-mingw-w64-i686-arm-none-eabi/bin/../lib/gcc/arm-none-eabi/13.2.1/thumb/v6-m/nofp\libc_nano.a(libc_a-findfp.o)
 .debug_frame   0x00001138       0x20 C:/Users/nahue/.mcuxpressotools/arm-gnu-toolchain-13.2.Rel1-mingw-w64-i686-arm-none-eabi/bin/../lib/gcc/arm-none-eabi/13.2.1/thumb/v6-m/nofp\libc_nano.a(libc_a-memset.o)
 .debug_frame   0x00001158       0x2c C:/Users/nahue/.mcuxpressotools/arm-gnu-toolchain-13.2.Rel1-mingw-w64-i686-arm-none-eabi/bin/../lib/gcc/arm-none-eabi/13.2.1/thumb/v6-m/nofp\libc_nano.a(libc_a-init.o)
 .debug_frame   0x00001184       0x28 C:/Users/nahue/.mcuxpressotools/arm-gnu-toolchain-13.2.Rel1-mingw-w64-i686-arm-none-eabi/bin/../lib/gcc/arm-none-eabi/13.2.1/thumb/v6-m/nofp\libc_nano.a(libc_a-memcpy-stub.o)
 .debug_frame   0x000011ac       0x20 C:/Users/nahue/.mcuxpressotools/arm-gnu-toolchain-13.2.Rel1-mingw-w64-i686-arm-none-eabi/bin/../lib/gcc/arm-none-eabi/13.2.1/../../../../arm-none-eabi/lib/thumb/v6-m/nofp\libcr_newlib_nohost.a(_exit.o)

.debug_loc      0x00000000       0x15
 .debug_loc     0x00000000       0x15 C:/Users/nahue/.mcuxpressotools/arm-gnu-toolchain-13.2.Rel1-mingw-w64-i686-arm-none-eabi/bin/../lib/gcc/arm-none-eabi/13.2.1/../../../../arm-none-eabi/lib/thumb/v6-m/nofp\libcr_newlib_nohost.a(_exit.o)

.debug_ranges   0x00000000       0x10
 .debug_ranges  0x00000000       0x10 C:/Users/nahue/.mcuxpressotools/arm-gnu-toolchain-13.2.Rel1-mingw-w64-i686-arm-none-eabi/bin/../lib/gcc/arm-none-eabi/13.2.1/../../../../arm-none-eabi/lib/thumb/v6-m/nofp\libcr_newlib_nohost.a(_exit.o)
